ARM Linker, 5.03 [Build 24] [MDK-ARM Standard]

==============================================================================

Section Cross References

    startup_stm32f10x_hd.o(STACK) refers (Special) to heapauxi.o(.text) for __use_two_region_memory
    startup_stm32f10x_hd.o(HEAP) refers (Special) to heapauxi.o(.text) for __use_two_region_memory
    startup_stm32f10x_hd.o(RESET) refers (Special) to heapauxi.o(.text) for __use_two_region_memory
    startup_stm32f10x_hd.o(RESET) refers to startup_stm32f10x_hd.o(STACK) for __initial_sp
    startup_stm32f10x_hd.o(RESET) refers to startup_stm32f10x_hd.o(.text) for Reset_Handler
    startup_stm32f10x_hd.o(RESET) refers to stm32f10x_it.o(.text) for NMI_Handler
    startup_stm32f10x_hd.o(RESET) refers to ks103.o(.text) for EXTI1_IRQHandler
    startup_stm32f10x_hd.o(RESET) refers to jy901.o(.text) for DMA1_Channel6_IRQHandler
    startup_stm32f10x_hd.o(RESET) refers to hc05.o(.text) for USART1_IRQHandler
    startup_stm32f10x_hd.o(.text) refers (Special) to heapauxi.o(.text) for __use_two_region_memory
    startup_stm32f10x_hd.o(.text) refers to system_stm32f10x.o(.text) for SystemInit
    startup_stm32f10x_hd.o(.text) refers to __main.o(!!!main) for __main
    startup_stm32f10x_hd.o(.text) refers to startup_stm32f10x_hd.o(HEAP) for Heap_Mem
    startup_stm32f10x_hd.o(.text) refers to startup_stm32f10x_hd.o(STACK) for Stack_Mem
    main.o(.text) refers to sys.o(.text) for NVIC_Configuration
    main.o(.text) refers to delay.o(.text) for delay_init
    main.o(.text) refers to led.o(.text) for LEDInit
    main.o(.text) refers to hc05.o(.text) for HC05Init
    main.o(.text) refers to jy901.o(.text) for JY901Init
    main.o(.text) refers to hc05.o(.bss) for HC05
    main.o(.text) refers to ks103.o(.bss) for KS103
    main.o(.text) refers to jy901.o(.bss) for JY901
    system_stm32f10x.o(.text) refers to system_stm32f10x.o(.data) for SystemCoreClock
    hc05.o(.text) refers to c89vsprintf.o(.text) for __c89vsprintf
    hc05.o(.text) refers to strlen.o(.text) for strlen
    hc05.o(.text) refers to stm32f10x_rcc.o(.text) for RCC_AHBPeriphClockCmd
    hc05.o(.text) refers to delay.o(.text) for delay_us
    hc05.o(.text) refers to stm32f10x_dma.o(.text) for DMA_DeInit
    hc05.o(.text) refers to misc.o(.text) for NVIC_Init
    hc05.o(.text) refers to stm32f10x_usart.o(.text) for USART_DeInit
    hc05.o(.text) refers to stm32f10x_gpio.o(.text) for GPIO_Init
    hc05.o(.text) refers to hc05.o(.bss) for HC05
    led.o(.text) refers to stm32f10x_rcc.o(.text) for RCC_APB2PeriphClockCmd
    led.o(.text) refers to stm32f10x_gpio.o(.text) for GPIO_Init
    key.o(.text) refers to stm32f10x_rcc.o(.text) for RCC_APB2PeriphClockCmd
    key.o(.text) refers to stm32f10x_gpio.o(.text) for GPIO_Init
    key.o(.text) refers to delay.o(.text) for delay_ms
    ks103.o(.text) refers to ks103iic.o(.text) for IIC_Start
    ks103.o(.text) refers to delay.o(.text) for delay_us
    ks103.o(.text) refers to stm32f10x_rcc.o(.text) for RCC_APB2PeriphClockCmd
    ks103.o(.text) refers to stm32f10x_gpio.o(.text) for GPIO_EXTILineConfig
    ks103.o(.text) refers to stm32f10x_exti.o(.text) for EXTI_Init
    ks103.o(.text) refers to misc.o(.text) for NVIC_Init
    ks103.o(.text) refers to ks103.o(.bss) for KS103
    ks103iic.o(.text) refers to stm32f10x_rcc.o(.text) for RCC_APB2PeriphClockCmd
    ks103iic.o(.text) refers to stm32f10x_gpio.o(.text) for GPIO_Init
    ks103iic.o(.text) refers to delay.o(.text) for delay_us
    upmac.o(.text) refers to hc05.o(.text) for UARTxDMASend
    jy901.o(.text) refers to misc.o(.text) for NVIC_Init
    jy901.o(.text) refers to stm32f10x_rcc.o(.text) for RCC_AHBPeriphClockCmd
    jy901.o(.text) refers to delay.o(.text) for delay_us
    jy901.o(.text) refers to stm32f10x_dma.o(.text) for DMA_DeInit
    jy901.o(.text) refers to stm32f10x_usart.o(.text) for USART_DeInit
    jy901.o(.text) refers to stm32f10x_gpio.o(.text) for GPIO_Init
    jy901.o(.text) refers to fflt_clz.o(x$fpl$fflt) for __aeabi_i2f
    jy901.o(.text) refers to fdiv.o(x$fpl$fdiv) for __aeabi_fdiv
    jy901.o(.text) refers to fmul.o(x$fpl$fmul) for __aeabi_fmul
    jy901.o(.text) refers to f2d.o(x$fpl$f2d) for __aeabi_f2d
    jy901.o(.text) refers to hc05.o(.text) for HC05printf
    jy901.o(.text) refers to jy901.o(.bss) for JY901
    jy901.o(.text) refers to jy901.o(.data) for FH
    jy901.o(.text) refers to hc05.o(.bss) for HC05
    stm32f10x_adc.o(.text) refers to stm32f10x_rcc.o(.text) for RCC_APB2PeriphResetCmd
    stm32f10x_bkp.o(.text) refers to stm32f10x_rcc.o(.text) for RCC_BackupResetCmd
    stm32f10x_can.o(.text) refers to stm32f10x_rcc.o(.text) for RCC_APB1PeriphResetCmd
    stm32f10x_cec.o(.text) refers to stm32f10x_rcc.o(.text) for RCC_APB1PeriphResetCmd
    stm32f10x_dac.o(.text) refers to stm32f10x_rcc.o(.text) for RCC_APB1PeriphResetCmd
[...]
    ../fplib/istatus.s                       0x00000000   Number         0  istatus.o ABSOLUTE
    ../fplib/printf1.s                       0x00000000   Number         0  printf1.o ABSOLUTE
    ../fplib/usenofp.s                       0x00000000   Number         0  usenofp.o ABSOLUTE
    ../mathlib/fpclassify.c                  0x00000000   Number         0  fpclassify.o ABSOLUTE
    ..\Core\StartUp\startup_stm32f10x_hd.s   0x00000000   Number         0  startup_stm32f10x_hd.o ABSOLUTE
    ..\Core\core_cm3.c                       0x00000000   Number         0  core_cm3.o ABSOLUTE
    ..\Hardware\HC05\hc05.c                  0x00000000   Number         0  hc05.o ABSOLUTE
    ..\Hardware\JY901\jy901.c                0x00000000   Number         0  jy901.o ABSOLUTE
    ..\Hardware\KEY\key.c                    0x00000000   Number         0  key.o ABSOLUTE
    ..\Hardware\KS103\ks103.c                0x00000000   Number         0  ks103.o ABSOLUTE
    ..\Hardware\KS103\ks103iic.c             0x00000000   Number         0  ks103iic.o ABSOLUTE
    ..\Hardware\LED\led.c                    0x00000000   Number         0  led.o ABSOLUTE
    ..\Hardware\UpperMachine\upmac.c         0x00000000   Number         0  upmac.o ABSOLUTE
    ..\Library\src\misc.c                    0x00000000   Number         0  misc.o ABSOLUTE
    ..\Library\src\stm32f10x_adc.c           0x00000000   Number         0  stm32f10x_adc.o ABSOLUTE
    ..\Library\src\stm32f10x_bkp.c           0x00000000   Number         0  stm32f10x_bkp.o ABSOLUTE
    ..\Library\src\stm32f10x_can.c           0x00000000   Number         0  stm32f10x_can.o ABSOLUTE
    ..\Library\src\stm32f10x_cec.c           0x00000000   Number         0  stm32f10x_cec.o ABSOLUTE
    ..\Library\src\stm32f10x_crc.c           0x00000000   Number         0  stm32f10x_crc.o ABSOLUTE
    ..\Library\src\stm32f10x_dac.c           0x00000000   Number         0  stm32f10x_dac.o ABSOLUTE
    ..\Library\src\stm32f10x_dbgmcu.c        0x00000000   Number         0  stm32f10x_dbgmcu.o ABSOLUTE
    ..\Library\src\stm32f10x_dma.c           0x00000000   Number         0  stm32f10x_dma.o ABSOLUTE
    ..\Library\src\stm32f10x_exti.c          0x00000000   Number         0  stm32f10x_exti.o ABSOLUTE
    ..\Library\src\stm32f10x_flash.c         0x00000000   Number         0  stm32f10x_flash.o ABSOLUTE
    ..\Library\src\stm32f10x_fsmc.c          0x00000000   Number         0  stm32f10x_fsmc.o ABSOLUTE
    ..\Library\src\stm32f10x_gpio.c          0x00000000   Number         0  stm32f10x_gpio.o ABSOLUTE
    ..\Library\src\stm32f10x_i2c.c           0x00000000   Number         0  stm32f10x_i2c.o ABSOLUTE
    ..\Library\src\stm32f10x_iwdg.c          0x00000000   Number         0  stm32f10x_iwdg.o ABSOLUTE
    ..\Library\src\stm32f10x_pwr.c           0x00000000   Number         0  stm32f10x_pwr.o ABSOLUTE
    ..\Library\src\stm32f10x_rcc.c           0x00000000   Number         0  stm32f10x_rcc.o ABSOLUTE
    ..\Library\src\stm32f10x_rtc.c           0x00000000   Number         0  stm32f10x_rtc.o ABSOLUTE
    ..\Library\src\stm32f10x_sdio.c          0x00000000   Number         0  stm32f10x_sdio.o ABSOLUTE
    ..\Library\src\stm32f10x_spi.c           0x00000000   Number         0  stm32f10x_spi.o ABSOLUTE
    ..\Library\src\stm32f10x_tim.c           0x00000000   Number         0  stm32f10x_tim.o ABSOLUTE
    ..\Library\src\stm32f10x_usart.c         0x00000000   Number         0  stm32f10x_usart.o ABSOLUTE
    ..\Library\src\stm32f10x_wwdg.c          0x00000000   Number         0  stm32f10x_wwdg.o ABSOLUTE
    ..\SYSTEM\delay\delay.c                  0x00000000   Number         0  delay.o ABSOLUTE
    ..\SYSTEM\sys\sys.c                      0x00000000   Number         0  sys.o ABSOLUTE
    ..\SYSTEM\usart\usart.c                  0x00000000   Number         0  usart.o ABSOLUTE
    ..\User\main.c                           0x00000000   Number         0  main.o ABSOLUTE
    ..\User\stm32f10x_it.c                   0x00000000   Number         0  stm32f10x_it.o ABSOLUTE
    ..\User\system_stm32f10x.c               0x00000000   Number         0  system_stm32f10x.o ABSOLUTE
    ..\\Core\\core_cm3.c                     0x00000000   Number         0  core_cm3.o ABSOLUTE
    dc.s                                     0x00000000   Number         0  dc.o ABSOLUTE
    RESET                                    0x08000000   Section      304  startup_stm32f10x_hd.o(RESET)
    !!!main                                  0x08000130   Section        8  __main.o(!!!main)
    !!!scatter                               0x08000138   Section       52  __scatter.o(!!!scatter)
    !!handler_copy                           0x0800016c   Section       26  __scatter_copy.o(!!handler_copy)
    !!handler_zi                             0x08000188   Section       28  __scatter_zi.o(!!handler_zi)
    .ARM.Collect$$_printf_percent$$00000000  0x080001a4   Section        0  _printf_percent.o(.ARM.Collect$$_printf_percent$$00000000)
    .ARM.Collect$$_printf_percent$$00000001  0x080001a4   Section        6  _printf_n.o(.ARM.Collect$$_printf_percent$$00000001)
    .ARM.Collect$$_printf_percent$$00000002  0x080001aa   Section        6  _printf_p.o(.ARM.Collect$$_printf_percent$$00000002)
    .ARM.Collect$$_printf_percent$$00000003  0x080001b0   Section        6  _printf_f.o(.ARM.Collect$$_printf_percent$$00000003)
    .ARM.Collect$$_printf_percent$$00000004  0x080001b6   Section        6  _printf_e.o(.ARM.Collect$$_printf_percent$$00000004)
    .ARM.Collect$$_printf_percent$$00000005  0x080001bc   Section        6  _printf_g.o(.ARM.Collect$$_printf_percent$$00000005)
    .ARM.Collect$$_printf_percent$$00000006  0x080001c2   Section        6  _printf_a.o(.ARM.Collect$$_printf_percent$$00000006)
    .ARM.Collect$$_printf_percent$$00000007  0x080001c8   Section       10  _printf_ll.o(.ARM.Collect$$_printf_percent$$00000007)
    .ARM.Collect$$_printf_percent$$00000008  0x080001d2   Section        6  _printf_i.o(.ARM.Collect$$_printf_percent$$00000008)
    .ARM.Collect$$_printf_percent$$00000009  0x080001d8   Section        6  _printf_d.o(.ARM.Collect$$_printf_percent$$00000009)
    .ARM.Collect$$_printf_percent$$0000000A  0x080001de   Section        6  _printf_u.o(.ARM.Collect$$_printf_percent$$0000000A)
    .ARM.Collect$$_printf_percent$$0000000B  0x080001e4   Section        6  _printf_o.o(.ARM.Collect$$_printf_percent$$0000000B)
    .ARM.Collect$$_printf_percent$$0000000C  0x080001ea   Section        6  _printf_x.o(.ARM.Collect$$_printf_percent$$0000000C)
    .ARM.Collect$$_printf_percent$$0000000D  0x080001f0   Section        6  _printf_lli.o(.ARM.Collect$$_printf_percent$$0000000D)
    .ARM.Collect$$_printf_percent$$0000000E  0x080001f6   Section        6  _printf_lld.o(.ARM.Collect$$_printf_percent$$0000000E)
    .ARM.Collect$$_printf_percent$$0000000F  0x080001fc   Section        6  _printf_llu.o(.ARM.Collect$$_printf_percent$$0000000F)
    .ARM.Collect$$_printf_percent$$00000010  0x08000202   Section        6  _printf_llo.o(.ARM.Collect$$_printf_percent$$00000010)
    .ARM.Collect$$_printf_percent$$00000011  0x08000208   Section        6  _printf_llx.o(.ARM.Collect$$_printf_percent$$00000011)
    .ARM.Collect$$_printf_percent$$00000012  0x0800020e   Section       10  _printf_l.o(.ARM.Collect$$_printf_percent$$00000012)
    .ARM.Collect$$_printf_percent$$00000013  0x08000218   Section        6  _printf_c.o(.ARM.Collect$$_printf_percent$$00000013)
    .ARM.Collect$$_printf_percent$$00000014  0x0800021e   Section        6  _printf_s.o(.ARM.Collect$$_printf_percent$$00000014)
    .ARM.Collect$$_printf_percent$$00000015  0x08000224   Section        6  _printf_lc.o(.ARM.Collect$$_printf_percent$$00000015)
    .ARM.Collect$$_printf_percent$$00000016  0x0800022a   Section        6  _printf_ls.o(.ARM.Collect$$_printf_percent$$00000016)
    .ARM.Collect$$_printf_percent$$00000017  0x08000230   Section        4  _printf_percent_end.o(.ARM.Collect$$_printf_percent$$00000017)
    .ARM.Collect$$libinit$$00000000          0x08000234   Section        2  libinit.o(.ARM.Collect$$libinit$$00000000)
    .ARM.Collect$$libinit$$00000002          0x08000236   Section        0  libinit2.o(.ARM.Collect$$libinit$$00000002)
    .ARM.Collect$$libinit$$00000008          0x08000236   Section        0  libinit2.o(.ARM.Collect$$libinit$$00000008)
    .ARM.Collect$$libinit$$0000000A          0x08000236   Section        0  libinit2.o(.ARM.Collect$$libinit$$0000000A)
    .ARM.Collect$$libinit$$0000000C          0x08000236   Section        0  libinit2.o(.ARM.Collect$$libinit$$0000000C)
    .ARM.Collect$$libinit$$0000000D          0x08000236   Section        6  libinit2.o(.ARM.Collect$$libinit$$0000000D)
    .ARM.Collect$$libinit$$0000000F          0x0800023c   Section        0  libinit2.o(.ARM.Collect$$libinit$$0000000F)
    .ARM.Collect$$libinit$$00000010          0x0800023c   Section       12  libinit2.o(.ARM.Collect$$libinit$$00000010)
    .ARM.Collect$$libinit$$00000011          0x08000248   Section        0  libinit2.o(.ARM.Collect$$libinit$$00000011)
    .ARM.Collect$$libinit$$00000013          0x08000248   Section        0  libinit2.o(.ARM.Collect$$libinit$$00000013)
    .ARM.Collect$$libinit$$00000014          0x08000248   Section       10  libinit2.o(.ARM.Collect$$libinit$$00000014)
    .ARM.Collect$$libinit$$00000015          0x08000252   Section        0  libinit2.o(.ARM.Collect$$libinit$$00000015)
    .ARM.Collect$$libinit$$00000017          0x08000252   Section        0  libinit2.o(.ARM.Collect$$libinit$$00000017)
    .ARM.Collect$$libinit$$00000019          0x08000252   Section        0  libinit2.o(.ARM.Collect$$libinit$$00000019)
    .ARM.Collect$$libinit$$0000001B          0x08000252   Section        0  libinit2.o(.ARM.Collect$$libinit$$0000001B)
    .ARM.Collect$$libinit$$0000001D          0x08000252   Section        0  libinit2.o(.ARM.Collect$$libinit$$0000001D)
    .ARM.Collect$$libinit$$0000001F          0x08000252   Section        0  libinit2.o(.ARM.Collect$$libinit$$0000001F)
    .ARM.Collect$$libinit$$00000021          0x08000252   Section        0  libinit2.o(.ARM.Collect$$libinit$$00000021)
    .ARM.Collect$$libinit$$00000023          0x08000252   Section        0  libinit2.o(.ARM.Collect$$libinit$$00000023)
    .ARM.Collect$$libinit$$0000002A          0x08000252   Section        0  libinit2.o(.ARM.Collect$$libinit$$0000002A)
    .ARM.Collect$$libinit$$0000002C          0x08000252   Section        0  libinit2.o(.ARM.Collect$$libinit$$0000002C)
    .ARM.Collect$$libinit$$0000002E          0x08000252   Section        0  libinit2.o(.ARM.Collect$$libinit$$0000002E)
    .ARM.Collect$$libinit$$00000030          0x08000252   Section        0  libinit2.o(.ARM.Collect$$libinit$$00000030)
    .ARM.Collect$$libinit$$00000031          0x08000252   Section        2  libinit2.o(.ARM.Collect$$libinit$$00000031)
    .ARM.Collect$$libshutdown$$00000000      0x08000254   Section        2  libshutdown.o(.ARM.Collect$$libshutdown$$00000000)
    .ARM.Collect$$libshutdown$$00000003      0x08000256   Section        0  libshutdown2.o(.ARM.Collect$$libshutdown$$00000003)
    .ARM.Collect$$libshutdown$$00000006      0x08000256   Section        0  libshutdown2.o(.ARM.Collect$$libshutdown$$00000006)
    .ARM.Collect$$libshutdown$$00000009      0x08000256   Section        0  libshutdown2.o(.ARM.Collect$$libshutdown$$00000009)
    .ARM.Collect$$libshutdown$$0000000B      0x08000256   Section        0  libshutdown2.o(.ARM.Collect$$libshutdown$$0000000B)
    .ARM.Collect$$libshutdown$$0000000E      0x08000256   Section        0  libshutdown2.o(.ARM.Collect$$libshutdown$$0000000E)
    .ARM.Collect$$libshutdown$$0000000F      0x08000256   Section        2  libshutdown2.o(.ARM.Collect$$libshutdown$$0000000F)
    .ARM.Collect$$rtentry$$00000000          0x08000258   Section        0  rtentry.o(.ARM.Collect$$rtentry$$00000000)
    .ARM.Collect$$rtentry$$00000002          0x08000258   Section        0  rtentry2.o(.ARM.Collect$$rtentry$$00000002)
    .ARM.Collect$$rtentry$$00000004          0x08000258   Section        6  rtentry4.o(.ARM.Collect$$rtentry$$00000004)
    .ARM.Collect$$rtentry$$00000009          0x0800025e   Section        0  rtentry2.o(.ARM.Collect$$rtentry$$00000009)
    .ARM.Collect$$rtentry$$0000000A          0x0800025e   Section        4  rtentry2.o(.ARM.Collect$$rtentry$$0000000A)
    .ARM.Collect$$rtentry$$0000000C          0x08000262   Section        0  rtentry2.o(.ARM.Collect$$rtentry$$0000000C)
    .ARM.Collect$$rtentry$$0000000D          0x08000262   Section        8  rtentry2.o(.ARM.Collect$$rtentry$$0000000D)
    .ARM.Collect$$rtexit$$00000000           0x0800026a   Section        2  rtexit.o(.ARM.Collect$$rtexit$$00000000)
    .ARM.Collect$$rtexit$$00000002           0x0800026c   Section        0  rtexit2.o(.ARM.Collect$$rtexit$$00000002)
    .ARM.Collect$$rtexit$$00000003           0x0800026c   Section        4  rtexit2.o(.ARM.Collect$$rtexit$$00000003)
    .ARM.Collect$$rtexit$$00000004           0x08000270   Section        6  rtexit2.o(.ARM.Collect$$rtexit$$00000004)
    .text                                    0x08000278   Section       64  startup_stm32f10x_hd.o(.text)
    .text                                    0x080002b8   Section        0  main.o(.text)
    .text                                    0x08000378   Section        0  stm32f10x_it.o(.text)
    .text                                    0x08000394   Section        0  system_stm32f10x.o(.text)
    SetSysClockTo72                          0x08000395   Thumb Code   212  system_stm32f10x.o(.text)
    SetSysClock                              0x08000469   Thumb Code     8  system_stm32f10x.o(.text)
    .text                                    0x08000570   Section        0  hc05.o(.text)
    .text                                    0x08000970   Section        0  led.o(.text)
    .text                                    0x080009f4   Section        0  ks103.o(.text)
    .text                                    0x08000c28   Section        0  ks103iic.o(.text)
    .text                                    0x08000fb4   Section        0  jy901.o(.text)
    .text                                    0x0800141c   Section        0  misc.o(.text)
    .text                                    0x080014f8   Section        0  stm32f10x_dma.o(.text)
    .text                                    0x08001748   Section        0  stm32f10x_exti.o(.text)
    .text                                    0x08001864   Section        0  stm32f10x_gpio.o(.text)
    .text                                    0x08001bbc   Section        0  stm32f10x_rcc.o(.text)
    .text                                    0x08001f60   Section        0  stm32f10x_usart.o(.text)
    .text                                    0x08002368   Section        0  delay.o(.text)
    .text                                    0x08002438   Section        0  sys.o(.text)
    .text                                    0x08002444   Section        0  usart.o(.text)
    .text                                    0x08002508   Section        2  use_no_semi_2.o(.text)
    .text                                    0x0800250c   Section        0  c89vsprintf.o(.text)
    .text                                    0x08002530   Section        0  strlen.o(.text)
    .text                                    0x0800256e   Section        0  heapauxi.o(.text)
    .text                                    0x08002574   Section        2  use_no_semi.o(.text)
    .text                                    0x08002576   Section        0  _printf_pad.o(.text)
    .text                                    0x080025c8   Section        0  _printf_truncate.o(.text)
    .text                                    0x080025ec   Section        0  _printf_str.o(.text)
    .text                                    0x08002640   Section        0  _printf_dec.o(.text)
    .text                                    0x080026b8   Section        0  _printf_charcount.o(.text)
    .text                                    0x080026e4   Section        0  _printf_char_common.o(.text)
    _printf_input_char                       0x080026e5   Thumb Code    10  _printf_char_common.o(.text)
    .text                                    0x08002714   Section        0  _sputc.o(.text)
    .text                                    0x08002720   Section        0  _printf_wctomb.o(.text)
    .text                                    0x080027dc   Section        0  _printf_longlong_dec.o(.text)
    .text                                    0x08002854   Section        0  _printf_oct_int_ll.o(.text)
    _printf_longlong_oct_internal            0x08002855   Thumb Code     0  _printf_oct_int_ll.o(.text)
    .text                                    0x080028cc   Section        0  _printf_hex_int_ll_ptr.o(.text)
    _printf_hex_common                       0x080028cd   Thumb Code     0  _printf_hex_int_ll_ptr.o(.text)
    .text                                    0x08002968   Section        0  __printf_flags_ss_wp.o(.text)
    .text                                    0x08002af4   Section      138  lludiv10.o(.text)
    .text                                    0x08002b7e   Section        0  _printf_intcommon.o(.text)
    .text                                    0x08002c36   Section        0  _printf_fp_dec.o(.text)
    _fp_digits                               0x08002c39   Thumb Code   426  _printf_fp_dec.o(.text)
    .text                                    0x08003056   Section        0  _printf_char.o(.text)
    .text                                    0x08003082   Section        0  _printf_wchar.o(.text)
    .text                                    0x080030ae   Section        0  _wcrtomb.o(.text)
    .text                                    0x080030ee   Section       74  sys_stackheap_outer.o(.text)
    .text                                    0x08003138   Section       16  rt_ctype_table.o(.text)
    .text                                    0x08003148   Section        8  rt_locale_intlibspace.o(.text)
    .text                                    0x08003150   Section        0  _printf_fp_infnan.o(.text)
    .text                                    0x080031d0   Section        0  bigflt0.o(.text)
    .text                                    0x080032b4   Section        0  exit.o(.text)
    .text                                    0x080032c0   Section        8  libspace.o(.text)
    .text                                    0x080032c8   Section      128  strcmpv7m.o(.text)
    CL$$btod_d2e                             0x08003348   Section       62  btod.o(CL$$btod_d2e)
    CL$$btod_d2e_denorm_low                  0x08003386   Section       70  btod.o(CL$$btod_d2e_denorm_low)
    CL$$btod_d2e_norm_op1                    0x080033cc   Section       96  btod.o(CL$$btod_d2e_norm_op1)
    CL$$btod_div_common                      0x0800342c   Section      824  btod.o(CL$$btod_div_common)
    CL$$btod_e2e                             0x08003764   Section      198  btod.o(CL$$btod_e2e)
    CL$$btod_ediv                            0x0800382a   Section       40  btod.o(CL$$btod_ediv)
    CL$$btod_emul                            0x08003852   Section       40  btod.o(CL$$btod_emul)
    CL$$btod_mult_common                     0x0800387a   Section      580  btod.o(CL$$btod_mult_common)
    i.__ARM_fpclassify                       0x08003abe   Section        0  fpclassify.o(i.__ARM_fpclassify)
    i._is_digit                              0x08003ae6   Section        0  __printf_wp.o(i._is_digit)
    locale$$code                             0x08003af4   Section       44  lc_numeric_c.o(locale$$code)
    locale$$code                             0x08003b20   Section       44  lc_ctype_c.o(locale$$code)
    x$fpl$dretinf                            0x08003b4c   Section       12  dretinf.o(x$fpl$dretinf)
    x$fpl$f2d                                0x08003b58   Section       86  f2d.o(x$fpl$f2d)
    x$fpl$fdiv                               0x08003bb0   Section      388  fdiv.o(x$fpl$fdiv)
    _fdiv1                                   0x08003bb1   Thumb Code     0  fdiv.o(x$fpl$fdiv)
    x$fpl$fflt                               0x08003d34   Section       48  fflt_clz.o(x$fpl$fflt)
    x$fpl$fmul                               0x08003d64   Section      258  fmul.o(x$fpl$fmul)
    x$fpl$fnaninf                            0x08003e66   Section      140  fnaninf.o(x$fpl$fnaninf)
    x$fpl$fretinf                            0x08003ef2   Section       10  fretinf.o(x$fpl$fretinf)
    x$fpl$printf1                            0x08003efc   Section        4  printf1.o(x$fpl$printf1)
    .constdata                               0x08003f00   Section        8  _printf_wctomb.o(.constdata)
    x$fpl$usenofp                            0x08003f00   Section        0  usenofp.o(x$fpl$usenofp)
    initial_mbstate                          0x08003f00   Data           8  _printf_wctomb.o(.constdata)
    .constdata                               0x08003f08   Section       40  _printf_hex_int_ll_ptr.o(.constdata)
    uc_hextab                                0x08003f08   Data          20  _printf_hex_int_ll_ptr.o(.constdata)
    lc_hextab                                0x08003f1c   Data          20  _printf_hex_int_ll_ptr.o(.constdata)
    .constdata                               0x08003f30   Section       17  __printf_flags_ss_wp.o(.constdata)
    maptable                                 0x08003f30   Data          17  __printf_flags_ss_wp.o(.constdata)
    .constdata                               0x08003f44   Section      148  bigflt0.o(.constdata)
    tenpwrs_x                                0x08003f44   Data          60  bigflt0.o(.constdata)
    tenpwrs_i                                0x08003f80   Data          64  bigflt0.o(.constdata)
    locale$$data                             0x08003ff8   Section       28  lc_numeric_c.o(locale$$data)
    __lcnum_c_name                           0x08003ffc   Data           2  lc_numeric_c.o(locale$$data)
    __lcnum_c_start                          0x08004004   Data           0  lc_numeric_c.o(locale$$data)
    __lcnum_c_point                          0x08004010   Data           0  lc_numeric_c.o(locale$$data)
    __lcnum_c_thousands                      0x08004012   Data           0  lc_numeric_c.o(locale$$data)
    __lcnum_c_grouping                       0x08004013   Data           0  lc_numeric_c.o(locale$$data)
    locale$$data                             0x08004014   Section      272  lc_ctype_c.o(locale$$data)
    __lcnum_c_end                            0x08004014   Data           0  lc_numeric_c.o(locale$$data)
    __lcctype_c_name                         0x08004018   Data           2  lc_ctype_c.o(locale$$data)
    __lcctype_c_start                        0x08004020   Data           0  lc_ctype_c.o(locale$$data)
    __lcctype_c_end                          0x08004124   Data           0  lc_ctype_c.o(locale$$data)
    .data                                    0x20000000   Section       20  system_stm32f10x.o(.data)
    .data                                    0x20000014   Section        3  jy901.o(.data)
    FH                                       0x20000014   Data           2  jy901.o(.data)
    pFH                                      0x20000016   Data           1  jy901.o(.data)
    .data                                    0x20000017   Section       20  stm32f10x_rcc.o(.data)
    APBAHBPrescTable                         0x20000017   Data          16  stm32f10x_rcc.o(.data)
    ADCPrescTable                            0x20000027   Data           4  stm32f10x_rcc.o(.data)
    .data                                    0x2000002c   Section        4  delay.o(.data)
    fac_us                                   0x2000002c   Data           1  delay.o(.data)
    fac_ms                                   0x2000002e   Data           2  delay.o(.data)
    .bss                                     0x20000030   Section      128  hc05.o(.bss)
    .bss                                     0x200000b0   Section       24  ks103.o(.bss)
    .bss                                     0x200000c8   Section      108  jy901.o(.bss)
    .bss                                     0x20000134   Section       96  libspace.o(.bss)
    HEAP                                     0x20000198   Section      512  startup_stm32f10x_hd.o(HEAP)
    Heap_Mem                                 0x20000198   Data         512  startup_stm32f10x_hd.o(HEAP)
    STACK                                    0x20000398   Section     1024  startup_stm32f10x_hd.o(STACK)
    Stack_Mem                                0x20000398   Data        1024  startup_stm32f10x_hd.o(STACK)
    __initial_sp                             0x20000798   Data           0  startup_stm32f10x_hd.o(STACK)

    Global Symbols

    Symbol Name                              Value     Ov Type        Size  Object(Section)

    BuildAttributes$$THM_ISAv4$P$D$K$B$S$PE$A:L22UL41UL21$X:L11$S22US41US21$IEEE1$IW$USESV6$~STKCKD$USESV7$~SHL$OTIME$ROPI$IEEEJ$EBA8$UX$STANDARDLIB$REQ8$PRES8$EABIv2 0x00000000   Number         0  anon$$obj.o ABSOLUTE
    __ARM_use_no_argv                        0x00000000   Number         0  main.o ABSOLUTE
    _printf_flags                            0x00000000   Number         0  printf_stubs.o ABSOLUTE
    _printf_return_value                     0x00000000   Number         0  printf_stubs.o ABSOLUTE
    _printf_sizespec                         0x00000000   Number         0  printf_stubs.o ABSOLUTE
    _printf_widthprec                        0x00000000   Number         0  printf_stubs.o ABSOLUTE
    __ARM_exceptions_init                     - Undefined Weak Reference
    __alloca_initialize                       - Undefined Weak Reference
    __cpp_initialize__aeabi_                  - Undefined Weak Reference
    __cxa_finalize                            - Undefined Weak Reference
    __sigvec_lookup                           - Undefined Weak Reference
    _atexit_init                              - Undefined Weak Reference
    _call_atexit_fns                          - Undefined Weak Reference
    _clock_init                               - Undefined Weak Reference
    _fp_trap_init                             - Undefined Weak Reference
    _fp_trap_shutdown                         - Undefined Weak Reference
    _get_lc_collate                           - Undefined Weak Reference
    _get_lc_monetary                          - Undefined Weak Reference
    _get_lc_time                              - Undefined Weak Reference
    _getenv_init                              - Undefined Weak Reference
    _handle_redirection                       - Undefined Weak Reference
    _init_alloc                               - Undefined Weak Reference
    _init_user_alloc                          - Undefined Weak Reference
    _initio                                   - Undefined Weak Reference
    _printf_fp_hex                            - Undefined Weak Reference
    _printf_mbtowc                            - Undefined Weak Reference
    _printf_wc                                - Undefined Weak Reference
    _rand_init                                - Undefined Weak Reference
    _signal_finish                            - Undefined Weak Reference
    _signal_init                              - Undefined Weak Reference
    _terminate_alloc                          - Undefined Weak Reference
    _terminate_user_alloc                     - Undefined Weak Reference
    _terminateio                              - Undefined Weak Reference
    __Vectors_Size                           0x00000130   Number         0  startup_stm32f10x_hd.o ABSOLUTE
    __Vectors                                0x08000000   Data           4  startup_stm32f10x_hd.o(RESET)
    __Vectors_End                            0x08000130   Data           0  startup_stm32f10x_hd.o(RESET)
    __main                                   0x08000131   Thumb Code     8  __main.o(!!!main)
    __scatterload                            0x08000139   Thumb Code     0  __scatter.o(!!!scatter)
    __scatterload_rt2                        0x08000139   Thumb Code    44  __scatter.o(!!!scatter)
    __scatterload_rt2_thumb_only             0x08000139   Thumb Code     0  __scatter.o(!!!scatter)
    __scatterload_null                       0x08000147   Thumb Code     0  __scatter.o(!!!scatter)
    __scatterload_copy                       0x0800016d   Thumb Code    26  __scatter_copy.o(!!handler_copy)
    __scatterload_zeroinit                   0x08000189   Thumb Code    28  __scatter_zi.o(!!handler_zi)
    _printf_n                                0x080001a5   Thumb Code     0  _printf_n.o(.ARM.Collect$$_printf_percent$$00000001)
    _printf_percent                          0x080001a5   Thumb Code     0  _printf_percent.o(.ARM.Collect$$_printf_percent$$00000000)
    _printf_p                                0x080001ab   Thumb Code     0  _printf_p.o(.ARM.Collect$$_printf_percent$$00000002)
    _printf_f                                0x080001b1   Thumb Code     0  _printf_f.o(.ARM.Collect$$_printf_percent$$00000003)
    _printf_e                                0x080001b7   Thumb Code     0  _printf_e.o(.ARM.Collect$$_printf_percent$$00000004)
    _printf_g                                0x080001bd   Thumb Code     0  _printf_g.o(.ARM.Collect$$_printf_percent$$00000005)
    _printf_a                                0x080001c3   Thumb Code     0  _printf_a.o(.ARM.Collect$$_printf_percent$$00000006)
    _printf_ll                               0x080001c9   Thumb Code     0  _printf_ll.o(.ARM.Collect$$_printf_percent$$00000007)
    _printf_i                                0x080001d3   Thumb Code     0  _printf_i.o(.ARM.Collect$$_printf_percent$$00000008)
    _printf_d                                0x080001d9   Thumb Code     0  _printf_d.o(.ARM.Collect$$_printf_percent$$00000009)
    _printf_u                                0x080001df   Thumb Code     0  _printf_u.o(.ARM.Collect$$_printf_percent$$0000000A)
    _printf_o                                0x080001e5   Thumb Code     0  _printf_o.o(.ARM.Collect$$_printf_percent$$0000000B)
    _printf_x                                0x080001eb   Thumb Code     0  _printf_x.o(.ARM.Collect$$_printf_percent$$0000000C)
    _printf_lli                              0x080001f1   Thumb Code     0  _printf_lli.o(.ARM.Collect$$_printf_percent$$0000000D)
    _printf_lld                              0x080001f7   Thumb Code     0  _printf_lld.o(.ARM.Collect$$_printf_percent$$0000000E)
    _printf_llu                              0x080001fd   Thumb Code     0  _printf_llu.o(.ARM.Collect$$_printf_percent$$0000000F)
    _printf_llo                              0x08000203   Thumb Code     0  _printf_llo.o(.ARM.Collect$$_printf_percent$$00000010)
    _printf_llx                              0x08000209   Thumb Code     0  _printf_llx.o(.ARM.Collect$$_printf_percent$$00000011)
    _printf_l                                0x0800020f   Thumb Code     0  _printf_l.o(.ARM.Collect$$_printf_percent$$00000012)
    _printf_c                                0x08000219   Thumb Code     0  _printf_c.o(.ARM.Collect$$_printf_percent$$00000013)
    _printf_s                                0x0800021f   Thumb Code     0  _printf_s.o(.ARM.Collect$$_printf_percent$$00000014)
    _printf_lc                               0x08000225   Thumb Code     0  _printf_lc.o(.ARM.Collect$$_printf_percent$$00000015)
    _printf_ls                               0x0800022b   Thumb Code     0  _printf_ls.o(.ARM.Collect$$_printf_percent$$00000016)
    _printf_percent_end                      0x08000231   Thumb Code     0  _printf_percent_end.o(.ARM.Collect$$_printf_percent$$00000017)
    __rt_lib_init                            0x08000235   Thumb Code     0  libinit.o(.ARM.Collect$$libinit$$00000000)
    __rt_lib_init_fp_1                       0x08000237   Thumb Code     0  libinit2.o(.ARM.Collect$$libinit$$00000002)
    __rt_lib_init_heap_1                     0x08000237   Thumb Code     0  libinit2.o(.ARM.Collect$$libinit$$00000008)
    __rt_lib_init_lc_common                  0x08000237   Thumb Code     0  libinit2.o(.ARM.Collect$$libinit$$0000000D)
    __rt_lib_init_rand_1                     0x08000237   Thumb Code     0  libinit2.o(.ARM.Collect$$libinit$$0000000C)
    __rt_lib_init_user_alloc_1               0x08000237   Thumb Code     0  libinit2.o(.ARM.Collect$$libinit$$0000000A)
    __rt_lib_init_lc_collate_1               0x0800023d   Thumb Code     0  libinit2.o(.ARM.Collect$$libinit$$0000000F)
    __rt_lib_init_lc_ctype_2                 0x0800023d   Thumb Code     0  libinit2.o(.ARM.Collect$$libinit$$00000010)
    __rt_lib_init_lc_ctype_1                 0x08000249   Thumb Code     0  libinit2.o(.ARM.Collect$$libinit$$00000011)
    __rt_lib_init_lc_monetary_1              0x08000249   Thumb Code     0  libinit2.o(.ARM.Collect$$libinit$$00000013)
    __rt_lib_init_lc_numeric_2               0x08000249   Thumb Code     0  libinit2.o(.ARM.Collect$$libinit$$00000014)
    __rt_lib_init_alloca_1                   0x08000253   Thumb Code     0  libinit2.o(.ARM.Collect$$libinit$$0000002C)
    __rt_lib_init_argv_1                     0x08000253   Thumb Code     0  libinit2.o(.ARM.Collect$$libinit$$0000002A)
    __rt_lib_init_atexit_1                   0x08000253   Thumb Code     0  libinit2.o(.ARM.Collect$$libinit$$00000019)
    __rt_lib_init_clock_1                    0x08000253   Thumb Code     0  libinit2.o(.ARM.Collect$$libinit$$0000001F)
    __rt_lib_init_cpp_1                      0x08000253   Thumb Code     0  libinit2.o(.ARM.Collect$$libinit$$00000030)
    __rt_lib_init_exceptions_1               0x08000253   Thumb Code     0  libinit2.o(.ARM.Collect$$libinit$$0000002E)
    __rt_lib_init_fp_trap_1                  0x08000253   Thumb Code     0  libinit2.o(.ARM.Collect$$libinit$$0000001D)
    __rt_lib_init_getenv_1                   0x08000253   Thumb Code     0  libinit2.o(.ARM.Collect$$libinit$$00000021)
    __rt_lib_init_lc_numeric_1               0x08000253   Thumb Code     0  libinit2.o(.ARM.Collect$$libinit$$00000015)
    __rt_lib_init_lc_time_1                  0x08000253   Thumb Code     0  libinit2.o(.ARM.Collect$$libinit$$00000017)
    __rt_lib_init_return                     0x08000253   Thumb Code     0  libinit2.o(.ARM.Collect$$libinit$$00000031)
    __rt_lib_init_signal_1                   0x08000253   Thumb Code     0  libinit2.o(.ARM.Collect$$libinit$$0000001B)
    __rt_lib_init_stdio_1                    0x08000253   Thumb Code     0  libinit2.o(.ARM.Collect$$libinit$$00000023)
    __rt_lib_shutdown                        0x08000255   Thumb Code     0  libshutdown.o(.ARM.Collect$$libshutdown$$00000000)
    __rt_lib_shutdown_fp_trap_1              0x08000257   Thumb Code     0  libshutdown2.o(.ARM.Collect$$libshutdown$$00000006)
    __rt_lib_shutdown_heap_1                 0x08000257   Thumb Code     0  libshutdown2.o(.ARM.Collect$$libshutdown$$0000000E)
    __rt_lib_shutdown_return                 0x08000257   Thumb Code     0  libshutdown2.o(.ARM.Collect$$libshutdown$$0000000F)
    __rt_lib_shutdown_signal_1               0x08000257   Thumb Code     0  libshutdown2.o(.ARM.Collect$$libshutdown$$00000009)
    __rt_lib_shutdown_stdio_1                0x08000257   Thumb Code     0  libshutdown2.o(.ARM.Collect$$libshutdown$$00000003)
    __rt_lib_shutdown_user_alloc_1           0x08000257   Thumb Code     0  libshutdown2.o(.ARM.Collect$$libshutdown$$0000000B)
    __rt_entry                               0x08000259   Thumb Code     0  rtentry.o(.ARM.Collect$$rtentry$$00000000)
    __rt_entry_presh_1                       0x08000259   Thumb Code     0  rtentry2.o(.ARM.Collect$$rtentry$$00000002)
    __rt_entry_sh                            0x08000259   Thumb Code     0  rtentry4.o(.ARM.Collect$$rtentry$$00000004)
    __rt_entry_li                            0x0800025f   Thumb Code     0  rtentry2.o(.ARM.Collect$$rtentry$$0000000A)
    __rt_entry_postsh_1                      0x0800025f   Thumb Code     0  rtentry2.o(.ARM.Collect$$rtentry$$00000009)
    __rt_entry_main                          0x08000263   Thumb Code     0  rtentry2.o(.ARM.Collect$$rtentry$$0000000D)
    __rt_entry_postli_1                      0x08000263   Thumb Code     0  rtentry2.o(.ARM.Collect$$rtentry$$0000000C)
    __rt_exit                                0x0800026b   Thumb Code     0  rtexit.o(.ARM.Collect$$rtexit$$00000000)
    __rt_exit_ls                             0x0800026d   Thumb Code     0  rtexit2.o(.ARM.Collect$$rtexit$$00000003)
    __rt_exit_prels_1                        0x0800026d   Thumb Code     0  rtexit2.o(.ARM.Collect$$rtexit$$00000002)
    __rt_exit_exit                           0x08000271   Thumb Code     0  rtexit2.o(.ARM.Collect$$rtexit$$00000004)
    Reset_Handler                            0x08000279   Thumb Code     8  startup_stm32f10x_hd.o(.text)
    ADC1_2_IRQHandler                        0x08000293   Thumb Code     0  startup_stm32f10x_hd.o(.text)
    ADC3_IRQHandler                          0x08000293   Thumb Code     0  startup_stm32f10x_hd.o(.text)
    CAN1_RX1_IRQHandler                      0x08000293   Thumb Code     0  startup_stm32f10x_hd.o(.text)
    CAN1_SCE_IRQHandler                      0x08000293   Thumb Code     0  startup_stm32f10x_hd.o(.text)
    DMA1_Channel1_IRQHandler                 0x08000293   Thumb Code     0  startup_stm32f10x_hd.o(.text)
    DMA1_Channel2_IRQHandler                 0x08000293   Thumb Code     0  startup_stm32f10x_hd.o(.text)
    DMA1_Channel3_IRQHandler                 0x08000293   Thumb Code     0  startup_stm32f10x_hd.o(.text)
    DMA1_Channel4_IRQHandler                 0x08000293   Thumb Code     0  startup_stm32f10x_hd.o(.text)
    DMA1_Channel5_IRQHandler                 0x08000293   Thumb Code     0  startup_stm32f10x_hd.o(.text)
    DMA1_Channel7_IRQHandler                 0x08000293   Thumb Code     0  startup_stm32f10x_hd.o(.text)
    DMA2_Channel1_IRQHandler                 0x08000293   Thumb Code     0  startup_stm32f10x_hd.o(.text)
    DMA2_Channel2_IRQHandler                 0x08000293   Thumb Code     0  startup_stm32f10x_hd.o(.text)
    DMA2_Channel3_IRQHandler                 0x08000293   Thumb Code     0  startup_stm32f10x_hd.o(.text)
    DMA2_Channel4_5_IRQHandler               0x08000293   Thumb Code     0  startup_stm32f10x_hd.o(.text)
    EXTI0_IRQHandler                         0x08000293   Thumb Code     0  startup_stm32f10x_hd.o(.text)
    EXTI15_10_IRQHandler                     0x08000293   Thumb Code     0  startup_stm32f10x_hd.o(.text)
    EXTI2_IRQHandler                         0x08000293   Thumb Code     0  startup_stm32f10x_hd.o(.text)
    EXTI3_IRQHandler                         0x08000293   Thumb Code     0  startup_stm32f10x_hd.o(.text)
    EXTI4_IRQHandler                         0x08000293   Thumb Code     0  startup_stm32f10x_hd.o(.text)
    EXTI9_5_IRQHandler                       0x08000293   Thumb Code     0  startup_stm32f10x_hd.o(.text)
    FLASH_IRQHandler                         0x08000293   Thumb Code     0  startup_stm32f10x_hd.o(.text)
    FSMC_IRQHandler                          0x08000293   Thumb Code     0  startup_stm32f10x_hd.o(.text)
    I2C1_ER_IRQHandler                       0x08000293   Thumb Code     0  startup_stm32f10x_hd.o(.text)
    I2C1_EV_IRQHandler                       0x08000293   Thumb Code     0  startup_stm32f10x_hd.o(.text)
    I2C2_ER_IRQHandler                       0x08000293   Thumb Code     0  startup_stm32f10x_hd.o(.text)
    I2C2_EV_IRQHandler                       0x08000293   Thumb Code     0  startup_stm32f10x_hd.o(.text)
    PVD_IRQHandler                           0x08000293   Thumb Code     0  startup_stm32f10x_hd.o(.text)
    RCC_IRQHandler                           0x08000293   Thumb Code     0  startup_stm32f10x_hd.o(.text)
    RTCAlarm_IRQHandler                      0x08000293   Thumb Code     0  startup_stm32f10x_hd.o(.text)
    RTC_IRQHandler                           0x08000293   Thumb Code     0  startup_stm32f10x_hd.o(.text)
    SDIO_IRQHandler                          0x08000293   Thumb Code     0  startup_stm32f10x_hd.o(.text)
    SPI1_IRQHandler                          0x08000293   Thumb Code     0  startup_stm32f10x_hd.o(.text)
    SPI2_IRQHandler                          0x08000293   Thumb Code     0  startup_stm32f10x_hd.o(.text)
    SPI3_IRQHandler                          0x08000293   Thumb Code     0  startup_stm32f10x_hd.o(.text)
    TAMPER_IRQHandler                        0x08000293   Thumb Code     0  startup_stm32f10x_hd.o(.text)
    TIM1_BRK_IRQHandler                      0x08000293   Thumb Code     0  startup_stm32f10x_hd.o(.text)
    TIM1_CC_IRQHandler                       0x08000293   Thumb Code     0  startup_stm32f10x_hd.o(.text)
    TIM1_TRG_COM_IRQHandler                  0x08000293   Thumb Code     0  startup_stm32f10x_hd.o(.text)
    TIM1_UP_IRQHandler                       0x08000293   Thumb Code     0  startup_stm32f10x_hd.o(.text)
    TIM2_IRQHandler                          0x08000293   Thumb Code     0  startup_stm32f10x_hd.o(.text)
    TIM3_IRQHandler                          0x08000293   Thumb Code     0  startup_stm32f10x_hd.o(.text)
    TIM4_IRQHandler                          0x08000293   Thumb Code     0  startup_stm32f10x_hd.o(.text)
    TIM5_IRQHandler                          0x08000293   Thumb Code     0  startup_stm32f10x_hd.o(.text)
    TIM6_IRQHandler                          0x08000293   Thumb Code     0  startup_stm32f10x_hd.o(.text)
    TIM7_IRQHandler                          0x08000293   Thumb Code     0  startup_stm32f10x_hd.o(.text)
    TIM8_BRK_IRQHandler                      0x08000293   Thumb Code     0  startup_stm32f10x_hd.o(.text)
    TIM8_CC_IRQHandler                       0x08000293   Thumb Code     0  startup_stm32f10x_hd.o(.text)
    TIM8_TRG_COM_IRQHandler                  0x08000293   Thumb Code     0  startup_stm32f10x_hd.o(.text)
    TIM8_UP_IRQHandler                       0x08000293   Thumb Code     0  startup_stm32f10x_hd.o(.text)
    UART4_IRQHandler                         0x08000293   Thumb Code     0  startup_stm32f10x_hd.o(.text)
    UART5_IRQHandler                         0x08000293   Thumb Code     0  startup_stm32f10x_hd.o(.text)
    USART3_IRQHandler                        0x08000293   Thumb Code     0  startup_stm32f10x_hd.o(.text)
    USBWakeUp_IRQHandler                     0x08000293   Thumb Code     0  startup_stm32f10x_hd.o(.text)
    USB_HP_CAN1_TX_IRQHandler                0x08000293   Thumb Code     0  startup_stm32f10x_hd.o(.text)
    USB_LP_CAN1_RX0_IRQHandler               0x08000293   Thumb Code     0  startup_stm32f10x_hd.o(.text)
    WWDG_IRQHandler                          0x08000293   Thumb Code     0  startup_stm32f10x_hd.o(.text)
    __user_initial_stackheap                 0x08000295   Thumb Code     0  startup_stm32f10x_hd.o(.text)
    SetParam                                 0x080002b9   Thumb Code    52  main.o(.text)
    Initial                                  0x080002ed   Thumb Code    60  main.o(.text)
    main                                     0x08000329   Thumb Code     8  main.o(.text)
    NMI_Handler                              0x08000379   Thumb Code     2  stm32f10x_it.o(.text)
    HardFault_Handler                        0x0800037b   Thumb Code     4  stm32f10x_it.o(.text)
    MemManage_Handler                        0x0800037f   Thumb Code     4  stm32f10x_it.o(.text)
    BusFault_Handler                         0x08000383   Thumb Code     4  stm32f10x_it.o(.text)
    UsageFault_Handler                       0x08000387   Thumb Code     4  stm32f10x_it.o(.text)
    SVC_Handler                              0x0800038b   Thumb Code     2  stm32f10x_it.o(.text)
    DebugMon_Handler                         0x0800038d   Thumb Code     2  stm32f10x_it.o(.text)
    PendSV_Handler                           0x0800038f   Thumb Code     2  stm32f10x_it.o(.text)
    SysTick_Handler                          0x08000391   Thumb Code     2  stm32f10x_it.o(.text)
    SystemInit                               0x08000471   Thumb Code    78  system_stm32f10x.o(.text)
    SystemCoreClockUpdate                    0x080004bf   Thumb Code   142  system_stm32f10x.o(.text)
    UARTxDMASend                             0x08000571   Thumb Code    52  hc05.o(.text)
    HC05printf                               0x080005a5   Thumb Code    50  hc05.o(.text)
    HC05DMAInit                              0x080005d7   Thumb Code   144  hc05.o(.text)
    HC05RxNVICInit                           0x08000667   Thumb Code    64  hc05.o(.text)
    HC05UartInit                             0x080006a7   Thumb Code   268  hc05.o(.text)
    HC05GPIOInit                             0x080007b3   Thumb Code    96  hc05.o(.text)
    HC05Init                                 0x08000813   Thumb Code   196  hc05.o(.text)
    USART1_IRQHandler                        0x080008d7   Thumb Code   110  hc05.o(.text)
    LEDInit                                  0x08000971   Thumb Code   126  led.o(.text)
    Single_ReadI2C                           0x080009f5   Thumb Code    88  ks103.o(.text)
    SCLEXTIInit                              0x08000a4d   Thumb Code    98  ks103.o(.text)
    KS103Init                                0x08000aaf   Thumb Code    56  ks103.o(.text)
    SCLInEXTI                                0x08000ae7   Thumb Code    44  ks103.o(.text)
    Read_KS10X                               0x08000b13   Thumb Code    42  ks103.o(.text)
    EXTI1_IRQHandler                         0x08000b3d   Thumb Code    56  ks103.o(.text)
    Single_WriteI2C                          0x08000b75   Thumb Code    66  ks103.o(.text)
    Read_KS10X_Data                          0x08000bb7   Thumb Code    28  ks103.o(.text)
    Change_Addr                              0x08000bd3   Thumb Code    72  ks103.o(.text)
    I2CInit                                  0x08000c29   Thumb Code   328  ks103iic.o(.text)
    IIC_Start                                0x08000d71   Thumb Code    68  ks103iic.o(.text)
    IIC_Stop                                 0x08000db5   Thumb Code    66  ks103iic.o(.text)
    IIC_Wait_Ack                             0x08000df7   Thumb Code    88  ks103iic.o(.text)
    IIC_Ack                                  0x08000e4f   Thumb Code    72  ks103iic.o(.text)
    IIC_NAck                                 0x08000e97   Thumb Code    72  ks103iic.o(.text)
    IIC_Send_Byte                            0x08000edf   Thumb Code    96  ks103iic.o(.text)
    IIC_Read_Byte                            0x08000f3f   Thumb Code    98  ks103iic.o(.text)
    DMATCNVICInit                            0x08000fb5   Thumb Code    68  jy901.o(.text)
    JY901DMAInit                             0x08000ff9   Thumb Code   176  jy901.o(.text)
    UARTRxNVICInit                           0x080010a9   Thumb Code    62  jy901.o(.text)
    JY901UartInit                            0x080010e7   Thumb Code   268  jy901.o(.text)
    JY901Init                                0x080011f3   Thumb Code   104  jy901.o(.text)
    UARTRxDMARec                             0x0800125b   Thumb Code    32  jy901.o(.text)
    USART2_IRQHandler                        0x0800127b   Thumb Code    98  jy901.o(.text)
    DMA1_Channel6_IRQHandler                 0x080012dd   Thumb Code   314  jy901.o(.text)
    NVIC_PriorityGroupConfig                 0x0800141d   Thumb Code    10  misc.o(.text)
    NVIC_Init                                0x08001427   Thumb Code   102  misc.o(.text)
    NVIC_SetVectorTable                      0x0800148d   Thumb Code    14  misc.o(.text)
    NVIC_SystemLPConfig                      0x0800149b   Thumb Code    34  misc.o(.text)
    SysTick_CLKSourceConfig                  0x080014bd   Thumb Code    40  misc.o(.text)
    DMA_DeInit                               0x080014f9   Thumb Code   324  stm32f10x_dma.o(.text)
    DMA_Init                                 0x0800163d   Thumb Code    60  stm32f10x_dma.o(.text)
    DMA_StructInit                           0x08001679   Thumb Code    26  stm32f10x_dma.o(.text)
    DMA_Cmd                                  0x08001693   Thumb Code    24  stm32f10x_dma.o(.text)
    DMA_ITConfig                             0x080016ab   Thumb Code    18  stm32f10x_dma.o(.text)
    DMA_SetCurrDataCounter                   0x080016bd   Thumb Code     4  stm32f10x_dma.o(.text)
    DMA_GetCurrDataCounter                   0x080016c1   Thumb Code     8  stm32f10x_dma.o(.text)
    DMA_GetFlagStatus                        0x080016c9   Thumb Code    38  stm32f10x_dma.o(.text)
    DMA_ClearFlag                            0x080016ef   Thumb Code    22  stm32f10x_dma.o(.text)
    DMA_GetITStatus                          0x08001705   Thumb Code    38  stm32f10x_dma.o(.text)
    DMA_ClearITPendingBit                    0x0800172b   Thumb Code    22  stm32f10x_dma.o(.text)
    EXTI_DeInit                              0x08001749   Thumb Code    28  stm32f10x_exti.o(.text)
    EXTI_Init                                0x08001765   Thumb Code   142  stm32f10x_exti.o(.text)
    EXTI_StructInit                          0x080017f3   Thumb Code    16  stm32f10x_exti.o(.text)
    EXTI_GenerateSWInterrupt                 0x08001803   Thumb Code    16  stm32f10x_exti.o(.text)
    EXTI_GetFlagStatus                       0x08001813   Thumb Code    22  stm32f10x_exti.o(.text)
    EXTI_ClearFlag                           0x08001829   Thumb Code     8  stm32f10x_exti.o(.text)
    EXTI_GetITStatus                         0x08001831   Thumb Code    34  stm32f10x_exti.o(.text)
    EXTI_ClearITPendingBit                   0x08001853   Thumb Code     8  stm32f10x_exti.o(.text)
    GPIO_DeInit                              0x08001865   Thumb Code   172  stm32f10x_gpio.o(.text)
    GPIO_AFIODeInit                          0x08001911   Thumb Code    20  stm32f10x_gpio.o(.text)
    GPIO_Init                                0x08001925   Thumb Code   274  stm32f10x_gpio.o(.text)
    GPIO_StructInit                          0x08001a37   Thumb Code    16  stm32f10x_gpio.o(.text)
    GPIO_ReadInputDataBit                    0x08001a47   Thumb Code    18  stm32f10x_gpio.o(.text)
    GPIO_ReadInputData                       0x08001a59   Thumb Code     8  stm32f10x_gpio.o(.text)
    GPIO_ReadOutputDataBit                   0x08001a61   Thumb Code    18  stm32f10x_gpio.o(.text)
    GPIO_ReadOutputData                      0x08001a73   Thumb Code     8  stm32f10x_gpio.o(.text)
    GPIO_SetBits                             0x08001a7b   Thumb Code     4  stm32f10x_gpio.o(.text)
    GPIO_ResetBits                           0x08001a7f   Thumb Code     4  stm32f10x_gpio.o(.text)
    GPIO_WriteBit                            0x08001a83   Thumb Code    10  stm32f10x_gpio.o(.text)
    GPIO_Write                               0x08001a8d   Thumb Code     4  stm32f10x_gpio.o(.text)
    GPIO_PinLockConfig                       0x08001a91   Thumb Code    18  stm32f10x_gpio.o(.text)
    GPIO_EventOutputConfig                   0x08001aa3   Thumb Code    26  stm32f10x_gpio.o(.text)
    GPIO_EventOutputCmd                      0x08001abd   Thumb Code     6  stm32f10x_gpio.o(.text)
    GPIO_PinRemapConfig                      0x08001ac3   Thumb Code   138  stm32f10x_gpio.o(.text)
    GPIO_EXTILineConfig                      0x08001b4d   Thumb Code    66  stm32f10x_gpio.o(.text)
    GPIO_ETH_MediaInterfaceConfig            0x08001b8f   Thumb Code     6  stm32f10x_gpio.o(.text)
    RCC_DeInit                               0x08001bbd   Thumb Code    64  stm32f10x_rcc.o(.text)
    RCC_HSEConfig                            0x08001bfd   Thumb Code    70  stm32f10x_rcc.o(.text)
    RCC_GetFlagStatus                        0x08001c43   Thumb Code    56  stm32f10x_rcc.o(.text)
    RCC_WaitForHSEStartUp                    0x08001c7b   Thumb Code    56  stm32f10x_rcc.o(.text)
    RCC_AdjustHSICalibrationValue            0x08001cb3   Thumb Code    20  stm32f10x_rcc.o(.text)
    RCC_HSICmd                               0x08001cc7   Thumb Code     6  stm32f10x_rcc.o(.text)
    RCC_PLLConfig                            0x08001ccd   Thumb Code    24  stm32f10x_rcc.o(.text)
    RCC_PLLCmd                               0x08001ce5   Thumb Code     6  stm32f10x_rcc.o(.text)
    RCC_SYSCLKConfig                         0x08001ceb   Thumb Code    18  stm32f10x_rcc.o(.text)
    RCC_GetSYSCLKSource                      0x08001cfd   Thumb Code    10  stm32f10x_rcc.o(.text)
    RCC_HCLKConfig                           0x08001d07   Thumb Code    18  stm32f10x_rcc.o(.text)
    RCC_PCLK1Config                          0x08001d19   Thumb Code    18  stm32f10x_rcc.o(.text)
    RCC_PCLK2Config                          0x08001d2b   Thumb Code    20  stm32f10x_rcc.o(.text)
    RCC_ITConfig                             0x08001d3f   Thumb Code    26  stm32f10x_rcc.o(.text)
    RCC_USBCLKConfig                         0x08001d59   Thumb Code     6  stm32f10x_rcc.o(.text)
    RCC_ADCCLKConfig                         0x08001d5f   Thumb Code    18  stm32f10x_rcc.o(.text)
    RCC_LSEConfig                            0x08001d71   Thumb Code    44  stm32f10x_rcc.o(.text)
    RCC_LSICmd                               0x08001d9d   Thumb Code     6  stm32f10x_rcc.o(.text)
    RCC_RTCCLKConfig                         0x08001da3   Thumb Code    12  stm32f10x_rcc.o(.text)
    RCC_RTCCLKCmd                            0x08001daf   Thumb Code     8  stm32f10x_rcc.o(.text)
    RCC_GetClocksFreq                        0x08001db7   Thumb Code   192  stm32f10x_rcc.o(.text)
    RCC_AHBPeriphClockCmd                    0x08001e77   Thumb Code    26  stm32f10x_rcc.o(.text)
    RCC_APB2PeriphClockCmd                   0x08001e91   Thumb Code    26  stm32f10x_rcc.o(.text)
    RCC_APB1PeriphClockCmd                   0x08001eab   Thumb Code    26  stm32f10x_rcc.o(.text)
    RCC_APB2PeriphResetCmd                   0x08001ec5   Thumb Code    26  stm32f10x_rcc.o(.text)
    RCC_APB1PeriphResetCmd                   0x08001edf   Thumb Code    26  stm32f10x_rcc.o(.text)
    RCC_BackupResetCmd                       0x08001ef9   Thumb Code     8  stm32f10x_rcc.o(.text)
    RCC_ClockSecuritySystemCmd               0x08001f01   Thumb Code     6  stm32f10x_rcc.o(.text)
    RCC_MCOConfig                            0x08001f07   Thumb Code     6  stm32f10x_rcc.o(.text)
    RCC_ClearFlag                            0x08001f0d   Thumb Code    14  stm32f10x_rcc.o(.text)
    RCC_GetITStatus                          0x08001f1b   Thumb Code    20  stm32f10x_rcc.o(.text)
    RCC_ClearITPendingBit                    0x08001f2f   Thumb Code     6  stm32f10x_rcc.o(.text)
    USART_DeInit                             0x08001f61   Thumb Code   134  stm32f10x_usart.o(.text)
    USART_Init                               0x08001fe7   Thumb Code   210  stm32f10x_usart.o(.text)
    USART_StructInit                         0x080020b9   Thumb Code    24  stm32f10x_usart.o(.text)
    USART_ClockInit                          0x080020d1   Thumb Code    34  stm32f10x_usart.o(.text)
    USART_ClockStructInit                    0x080020f3   Thumb Code    12  stm32f10x_usart.o(.text)
    USART_Cmd                                0x080020ff   Thumb Code    24  stm32f10x_usart.o(.text)
    USART_ITConfig                           0x08002117   Thumb Code    74  stm32f10x_usart.o(.text)
    USART_DMACmd                             0x08002161   Thumb Code    18  stm32f10x_usart.o(.text)
    USART_SetAddress                         0x08002173   Thumb Code    18  stm32f10x_usart.o(.text)
    USART_WakeUpConfig                       0x08002185   Thumb Code    18  stm32f10x_usart.o(.text)
    USART_ReceiverWakeUpCmd                  0x08002197   Thumb Code    24  stm32f10x_usart.o(.text)
    USART_LINBreakDetectLengthConfig         0x080021af   Thumb Code    18  stm32f10x_usart.o(.text)
    USART_LINCmd                             0x080021c1   Thumb Code    24  stm32f10x_usart.o(.text)
    USART_SendData                           0x080021d9   Thumb Code     8  stm32f10x_usart.o(.text)
    USART_ReceiveData                        0x080021e1   Thumb Code    10  stm32f10x_usart.o(.text)
    USART_SendBreak                          0x080021eb   Thumb Code    10  stm32f10x_usart.o(.text)
    USART_SetGuardTime                       0x080021f5   Thumb Code    16  stm32f10x_usart.o(.text)
    USART_SetPrescaler                       0x08002205   Thumb Code    16  stm32f10x_usart.o(.text)
    USART_SmartCardCmd                       0x08002215   Thumb Code    24  stm32f10x_usart.o(.text)
    USART_SmartCardNACKCmd                   0x0800222d   Thumb Code    24  stm32f10x_usart.o(.text)
    USART_HalfDuplexCmd                      0x08002245   Thumb Code    24  stm32f10x_usart.o(.text)
    USART_OverSampling8Cmd                   0x0800225d   Thumb Code    22  stm32f10x_usart.o(.text)
    USART_OneBitMethodCmd                    0x08002273   Thumb Code    24  stm32f10x_usart.o(.text)
    USART_IrDAConfig                         0x0800228b   Thumb Code    18  stm32f10x_usart.o(.text)
    USART_IrDACmd                            0x0800229d   Thumb Code    24  stm32f10x_usart.o(.text)
    USART_GetFlagStatus                      0x080022b5   Thumb Code    26  stm32f10x_usart.o(.text)
    USART_ClearFlag                          0x080022cf   Thumb Code    18  stm32f10x_usart.o(.text)
    USART_GetITStatus                        0x080022e1   Thumb Code    84  stm32f10x_usart.o(.text)
    USART_ClearITPendingBit                  0x08002335   Thumb Code    52  stm32f10x_usart.o(.text)
    delay_init                               0x08002369   Thumb Code    50  delay.o(.text)
    delay_us                                 0x0800239b   Thumb Code    70  delay.o(.text)
    delay_ms                                 0x080023e1   Thumb Code    70  delay.o(.text)
    NVIC_Configuration                       0x08002439   Thumb Code    12  sys.o(.text)
    _sys_exit                                0x08002445   Thumb Code     6  usart.o(.text)
    fputc                                    0x0800244b   Thumb Code    22  usart.o(.text)
    uart_init                                0x08002461   Thumb Code   158  usart.o(.text)
    __use_no_semihosting                     0x08002509   Thumb Code     2  use_no_semi_2.o(.text)
    __c89vsprintf                            0x0800250d   Thumb Code    32  c89vsprintf.o(.text)
    strlen                                   0x08002531   Thumb Code    62  strlen.o(.text)
    __use_two_region_memory                  0x0800256f   Thumb Code     2  heapauxi.o(.text)
    __rt_heap_escrow$2region                 0x08002571   Thumb Code     2  heapauxi.o(.text)
    __rt_heap_expand$2region                 0x08002573   Thumb Code     2  heapauxi.o(.text)
    __I$use$semihosting                      0x08002575   Thumb Code     0  use_no_semi.o(.text)
    __use_no_semihosting_swi                 0x08002575   Thumb Code     2  use_no_semi.o(.text)
    _printf_pre_padding                      0x08002577   Thumb Code    46  _printf_pad.o(.text)
    _printf_post_padding                     0x080025a5   Thumb Code    36  _printf_pad.o(.text)
    _printf_truncate_signed                  0x080025c9   Thumb Code    18  _printf_truncate.o(.text)
    _printf_truncate_unsigned                0x080025db   Thumb Code    18  _printf_truncate.o(.text)
    _printf_str                              0x080025ed   Thumb Code    82  _printf_str.o(.text)
    _printf_int_dec                          0x08002641   Thumb Code   102  _printf_dec.o(.text)
    _printf_charcount                        0x080026b9   Thumb Code    42  _printf_charcount.o(.text)
    _printf_char_common                      0x080026ef   Thumb Code    32  _printf_char_common.o(.text)
    _sputc                                   0x08002715   Thumb Code    10  _sputc.o(.text)
    _printf_wctomb                           0x08002721   Thumb Code   182  _printf_wctomb.o(.text)
    _printf_longlong_dec                     0x080027dd   Thumb Code   104  _printf_longlong_dec.o(.text)
    _printf_longlong_oct                     0x08002855   Thumb Code    76  _printf_oct_int_ll.o(.text)
    _printf_int_oct                          0x080028a1   Thumb Code    24  _printf_oct_int_ll.o(.text)
    _printf_ll_oct                           0x080028b9   Thumb Code    12  _printf_oct_int_ll.o(.text)
    _printf_longlong_hex                     0x080028cd   Thumb Code    92  _printf_hex_int_ll_ptr.o(.text)
    _printf_int_hex                          0x08002929   Thumb Code    28  _printf_hex_int_ll_ptr.o(.text)
    _printf_ll_hex                           0x08002945   Thumb Code    12  _printf_hex_int_ll_ptr.o(.text)
    _printf_hex_ptr                          0x08002951   Thumb Code    18  _printf_hex_int_ll_ptr.o(.text)
    __printf                                 0x08002969   Thumb Code   390  __printf_flags_ss_wp.o(.text)
    _ll_udiv10                               0x08002af5   Thumb Code   138  lludiv10.o(.text)
    _printf_int_common                       0x08002b7f   Thumb Code   184  _printf_intcommon.o(.text)
    __lib_sel_fp_printf                      0x08002c37   Thumb Code     2  _printf_fp_dec.o(.text)
    _printf_fp_dec_real                      0x08002de3   Thumb Code   628  _printf_fp_dec.o(.text)
    _printf_cs_common                        0x08003057   Thumb Code    20  _printf_char.o(.text)
    _printf_char                             0x0800306b   Thumb Code    16  _printf_char.o(.text)
    _printf_string                           0x0800307b   Thumb Code     8  _printf_char.o(.text)
    _printf_lcs_common                       0x08003083   Thumb Code    20  _printf_wchar.o(.text)
    _printf_wchar                            0x08003097   Thumb Code    16  _printf_wchar.o(.text)
    _printf_wstring                          0x080030a7   Thumb Code     8  _printf_wchar.o(.text)
    _wcrtomb                                 0x080030af   Thumb Code    64  _wcrtomb.o(.text)
    __user_setup_stackheap                   0x080030ef   Thumb Code    74  sys_stackheap_outer.o(.text)
    __rt_ctype_table                         0x08003139   Thumb Code    16  rt_ctype_table.o(.text)
    __rt_locale                              0x08003149   Thumb Code     8  rt_locale_intlibspace.o(.text)
    _printf_fp_infnan                        0x08003151   Thumb Code   112  _printf_fp_infnan.o(.text)
    _btod_etento                             0x080031d1   Thumb Code   222  bigflt0.o(.text)
    exit                                     0x080032b5   Thumb Code    12  exit.o(.text)
    __user_libspace                          0x080032c1   Thumb Code     8  libspace.o(.text)
    __user_perproc_libspace                  0x080032c1   Thumb Code     0  libspace.o(.text)
    __user_perthread_libspace                0x080032c1   Thumb Code     0  libspace.o(.text)
    strcmp                                   0x080032c9   Thumb Code   128  strcmpv7m.o(.text)
    _btod_d2e                                0x08003349   Thumb Code    62  btod.o(CL$$btod_d2e)
    _d2e_denorm_low                          0x08003387   Thumb Code    70  btod.o(CL$$btod_d2e_denorm_low)
    _d2e_norm_op1                            0x080033cd   Thumb Code    96  btod.o(CL$$btod_d2e_norm_op1)
    __btod_div_common                        0x0800342d   Thumb Code   696  btod.o(CL$$btod_div_common)
    _e2e                                     0x08003765   Thumb Code   198  btod.o(CL$$btod_e2e)
    _btod_ediv                               0x0800382b   Thumb Code    40  btod.o(CL$$btod_ediv)
    _btod_emul                               0x08003853   Thumb Code    40  btod.o(CL$$btod_emul)
    __btod_mult_common                       0x0800387b   Thumb Code   580  btod.o(CL$$btod_mult_common)
    __ARM_fpclassify                         0x08003abf   Thumb Code    40  fpclassify.o(i.__ARM_fpclassify)
    _is_digit                                0x08003ae7   Thumb Code    14  __printf_wp.o(i._is_digit)
    _get_lc_numeric                          0x08003af5   Thumb Code    44  lc_numeric_c.o(locale$$code)
    _get_lc_ctype                            0x08003b21   Thumb Code    44  lc_ctype_c.o(locale$$code)
    __fpl_dretinf                            0x08003b4d   Thumb Code    12  dretinf.o(x$fpl$dretinf)
    __aeabi_f2d                              0x08003b59   Thumb Code     0  f2d.o(x$fpl$f2d)
    _f2d                                     0x08003b59   Thumb Code    86  f2d.o(x$fpl$f2d)
    __aeabi_fdiv                             0x08003bb1   Thumb Code     0  fdiv.o(x$fpl$fdiv)
    _fdiv                                    0x08003bb1   Thumb Code   384  fdiv.o(x$fpl$fdiv)
    __aeabi_i2f                              0x08003d35   Thumb Code     0  fflt_clz.o(x$fpl$fflt)
    _fflt                                    0x08003d35   Thumb Code    48  fflt_clz.o(x$fpl$fflt)
    __aeabi_fmul                             0x08003d65   Thumb Code     0  fmul.o(x$fpl$fmul)
    _fmul                                    0x08003d65   Thumb Code   258  fmul.o(x$fpl$fmul)
    __fpl_fnaninf                            0x08003e67   Thumb Code   140  fnaninf.o(x$fpl$fnaninf)
    __fpl_fretinf                            0x08003ef3   Thumb Code    10  fretinf.o(x$fpl$fretinf)
    _printf_fp_dec                           0x08003efd   Thumb Code     4  printf1.o(x$fpl$printf1)
    __I$use$fp                               0x08003f00   Number         0  usenofp.o(x$fpl$usenofp)
    Region$$Table$$Base                      0x08003fd8   Number         0  anon$$obj.o(Region$$Table)
    Region$$Table$$Limit                     0x08003ff8   Number         0  anon$$obj.o(Region$$Table)
    __ctype                                  0x08004021   Data           0  lc_ctype_c.o(locale$$data)
    SystemCoreClock                          0x20000000   Data           4  system_stm32f10x.o(.data)
    AHBPrescTable                            0x20000004   Data          16  system_stm32f10x.o(.data)
    HC05                                     0x20000030   Data         128  hc05.o(.bss)
    KS103                                    0x200000b0   Data          24  ks103.o(.bss)
    JY901                                    0x200000c8   Data         108  jy901.o(.bss)
    __libspace_start                         0x20000134   Data          96  libspace.o(.bss)
    __temporary_stack_top$libspace           0x20000194   Data           0  libspace.o(.bss)



==============================================================================

Memory Map of the image

  Image Entry point : 0x08000131

  Load Region LR_IROM1 (Base: 0x08000000, Size: 0x00004154, Max: 0x00080000, ABSOLUTE)

    Execution Region ER_IROM1 (Base: 0x08000000, Size: 0x00004124, Max: 0x00080000, ABSOLUTE)

    Base Addr    Size         Type   Attr      Idx    E Section Name        Object

    0x08000000   0x00000130   Data   RO           19    RESET               startup_stm32f10x_hd.o
    0x08000130   0x00000008   Code   RO          635  * !!!main             c_w.l(__main.o)
    0x08000138   0x00000034   Code   RO          962    !!!scatter          c_w.l(__scatter.o)
    0x0800016c   0x0000001a   Code   RO          964    !!handler_copy      c_w.l(__scatter_copy.o)
    0x08000186   0x00000002   PAD
    0x08000188   0x0000001c   Code   RO          966    !!handler_zi        c_w.l(__scatter_zi.o)
    0x080001a4   0x00000000   Code   RO          735    .ARM.Collect$$_printf_percent$$00000000  c_w.l(_printf_percent.o)
    0x080001a4   0x00000006   Code   RO          724    .ARM.Collect$$_printf_percent$$00000001  c_w.l(_printf_n.o)
    0x080001aa   0x00000006   Code   RO          726    .ARM.Collect$$_printf_percent$$00000002  c_w.l(_printf_p.o)
    0x080001b0   0x00000006   Code   RO          731    .ARM.Collect$$_printf_percent$$00000003  c_w.l(_printf_f.o)
    0x080001b6   0x00000006   Code   RO          732    .ARM.Collect$$_printf_percent$$00000004  c_w.l(_printf_e.o)
    0x080001bc   0x00000006   Code   RO          733    .ARM.Collect$$_printf_percent$$00000005  c_w.l(_printf_g.o)
    0x080001c2   0x00000006   Code   RO          734    .ARM.Collect$$_printf_percent$$00000006  c_w.l(_printf_a.o)
    0x080001c8   0x0000000a   Code   RO          739    .ARM.Collect$$_printf_percent$$00000007  c_w.l(_printf_ll.o)
    0x080001d2   0x00000006   Code   RO          728    .ARM.Collect$$_printf_percent$$00000008  c_w.l(_printf_i.o)
    0x080001d8   0x00000006   Code   RO          729    .ARM.Collect$$_printf_percent$$00000009  c_w.l(_printf_d.o)
    0x080001de   0x00000006   Code   RO          730    .ARM.Collect$$_printf_percent$$0000000A  c_w.l(_printf_u.o)
    0x080001e4   0x00000006   Code   RO          727    .ARM.Collect$$_printf_percent$$0000000B  c_w.l(_printf_o.o)
    0x080001ea   0x00000006   Code   RO          725    .ARM.Collect$$_printf_percent$$0000000C  c_w.l(_printf_x.o)
    0x080001f0   0x00000006   Code   RO          736    .ARM.Collect$$_printf_percent$$0000000D  c_w.l(_printf_lli.o)
    0x080001f6   0x00000006   Code   RO          737    .ARM.Collect$$_printf_percent$$0000000E  c_w.l(_printf_lld.o)
    0x080001fc   0x00000006   Code   RO          738    .ARM.Collect$$_printf_percent$$0000000F  c_w.l(_printf_llu.o)
    0x08000202   0x00000006   Code   RO          743    .ARM.Collect$$_printf_percent$$00000010  c_w.l(_printf_llo.o)
    0x08000208   0x00000006   Code   RO          744    .ARM.Collect$$_printf_percent$$00000011  c_w.l(_printf_llx.o)
    0x0800020e   0x0000000a   Code   RO          740    .ARM.Collect$$_printf_percent$$00000012  c_w.l(_printf_l.o)
    0x08000218   0x00000006   Code   RO          722    .ARM.Collect$$_printf_percent$$00000013  c_w.l(_printf_c.o)
    0x0800021e   0x00000006   Code   RO          723    .ARM.Collect$$_printf_percent$$00000014  c_w.l(_printf_s.o)
    0x08000224   0x00000006   Code   RO          741    .ARM.Collect$$_printf_percent$$00000015  c_w.l(_printf_lc.o)
    0x0800022a   0x00000006   Code   RO          742    .ARM.Collect$$_printf_percent$$00000016  c_w.l(_printf_ls.o)
    0x08000230   0x00000004   Code   RO          781    .ARM.Collect$$_printf_percent$$00000017  c_w.l(_printf_percent_end.o)
    0x08000234   0x00000002   Code   RO          830    .ARM.Collect$$libinit$$00000000  c_w.l(libinit.o)
    0x08000236   0x00000000   Code   RO          846    .ARM.Collect$$libinit$$00000002  c_w.l(libinit2.o)
    0x08000236   0x00000000   Code   RO          849    .ARM.Collect$$libinit$$00000008  c_w.l(libinit2.o)
    0x08000236   0x00000000   Code   RO          851    .ARM.Collect$$libinit$$0000000A  c_w.l(libinit2.o)
    0x08000236   0x00000000   Code   RO          853    .ARM.Collect$$libinit$$0000000C  c_w.l(libinit2.o)
    0x08000236   0x00000006   Code   RO          854    .ARM.Collect$$libinit$$0000000D  c_w.l(libinit2.o)
    0x0800023c   0x00000000   Code   RO          856    .ARM.Collect$$libinit$$0000000F  c_w.l(libinit2.o)
    0x0800023c   0x0000000c   Code   RO          857    .ARM.Collect$$libinit$$00000010  c_w.l(libinit2.o)
    0x08000248   0x00000000   Code   RO          858    .ARM.Collect$$libinit$$00000011  c_w.l(libinit2.o)
    0x08000248   0x00000000   Code   RO          860    .ARM.Collect$$libinit$$00000013  c_w.l(libinit2.o)
    0x08000248   0x0000000a   Code   RO          861    .ARM.Collect$$libinit$$00000014  c_w.l(libinit2.o)
    0x08000252   0x00000000   Code   RO          862    .ARM.Collect$$libinit$$00000015  c_w.l(libinit2.o)
    0x08000252   0x00000000   Code   RO          864    .ARM.Collect$$libinit$$00000017  c_w.l(libinit2.o)
    0x08000252   0x00000000   Code   RO          866    .ARM.Collect$$libinit$$00000019  c_w.l(libinit2.o)
    0x08000252   0x00000000   Code   RO          868    .ARM.Collect$$libinit$$0000001B  c_w.l(libinit2.o)
    0x08000252   0x00000000   Code   RO          870    .ARM.Collect$$libinit$$0000001D  c_w.l(libinit2.o)
    0x08000252   0x00000000   Code   RO          872    .ARM.Collect$$libinit$$0000001F  c_w.l(libinit2.o)
    0x08000252   0x00000000   Code   RO          874    .ARM.Collect$$libinit$$00000021  c_w.l(libinit2.o)
    0x08000252   0x00000000   Code   RO          876    .ARM.Collect$$libinit$$00000023  c_w.l(libinit2.o)
    0x08000252   0x00000000   Code   RO          880    .ARM.Collect$$libinit$$0000002A  c_w.l(libinit2.o)
    0x08000252   0x00000000   Code   RO          882    .ARM.Collect$$libinit$$0000002C  c_w.l(libinit2.o)
    0x08000252   0x00000000   Code   RO          884    .ARM.Collect$$libinit$$0000002E  c_w.l(libinit2.o)
    0x08000252   0x00000000   Code   RO          886    .ARM.Collect$$libinit$$00000030  c_w.l(libinit2.o)
    0x08000252   0x00000002   Code   RO          887    .ARM.Collect$$libinit$$00000031  c_w.l(libinit2.o)
    0x08000254   0x00000002   Code   RO          905    .ARM.Collect$$libshutdown$$00000000  c_w.l(libshutdown.o)
    0x08000256   0x00000000   Code   RO          916    .ARM.Collect$$libshutdown$$00000003  c_w.l(libshutdown2.o)
    0x08000256   0x00000000   Code   RO          919    .ARM.Collect$$libshutdown$$00000006  c_w.l(libshutdown2.o)
    0x08000256   0x00000000   Code   RO          922    .ARM.Collect$$libshutdown$$00000009  c_w.l(libshutdown2.o)
    0x08000256   0x00000000   Code   RO          924    .ARM.Collect$$libshutdown$$0000000B  c_w.l(libshutdown2.o)
    0x08000256   0x00000000   Code   RO          927    .ARM.Collect$$libshutdown$$0000000E  c_w.l(libshutdown2.o)
    0x08000256   0x00000002   Code   RO          928    .ARM.Collect$$libshutdown$$0000000F  c_w.l(libshutdown2.o)
    0x08000258   0x00000000   Code   RO          653    .ARM.Collect$$rtentry$$00000000  c_w.l(rtentry.o)
    0x08000258   0x00000000   Code   RO          755    .ARM.Collect$$rtentry$$00000002  c_w.l(rtentry2.o)
    0x08000258   0x00000006   Code   RO          767    .ARM.Collect$$rtentry$$00000004  c_w.l(rtentry4.o)
    0x0800025e   0x00000000   Code   RO          757    .ARM.Collect$$rtentry$$00000009  c_w.l(rtentry2.o)
    0x0800025e   0x00000004   Code   RO          758    .ARM.Collect$$rtentry$$0000000A  c_w.l(rtentry2.o)
    0x08000262   0x00000000   Code   RO          760    .ARM.Collect$$rtentry$$0000000C  c_w.l(rtentry2.o)
    0x08000262   0x00000008   Code   RO          761    .ARM.Collect$$rtentry$$0000000D  c_w.l(rtentry2.o)
    0x0800026a   0x00000002   Code   RO          838    .ARM.Collect$$rtexit$$00000000  c_w.l(rtexit.o)
    0x0800026c   0x00000000   Code   RO          889    .ARM.Collect$$rtexit$$00000002  c_w.l(rtexit2.o)
    0x0800026c   0x00000004   Code   RO          890    .ARM.Collect$$rtexit$$00000003  c_w.l(rtexit2.o)
    0x08000270   0x00000006   Code   RO          891    .ARM.Collect$$rtexit$$00000004  c_w.l(rtexit2.o)
    0x08000276   0x00000002   PAD
    0x08000278   0x00000040   Code   RO           20    .text               startup_stm32f10x_hd.o
    0x080002b8   0x000000c0   Code   RO           24    .text               main.o
    0x08000378   0x0000001a   Code   RO          143    .text               stm32f10x_it.o
    0x08000392   0x00000002   PAD
    0x08000394   0x000001dc   Code   RO          158    .text               system_stm32f10x.o
    0x08000570   0x00000400   Code   RO          176    .text               hc05.o
    0x08000970   0x00000084   Code   RO          204    .text               led.o
    0x080009f4   0x00000234   Code   RO          231    .text               ks103.o
    0x08000c28   0x0000038c   Code   RO          252    .text               ks103iic.o
    0x08000fb4   0x00000468   Code   RO          276    .text               jy901.o
    0x0800141c   0x000000dc   Code   RO          298    .text               misc.o
    0x080014f8   0x00000250   Code   RO          394    .text               stm32f10x_dma.o
    0x08001748   0x0000011c   Code   RO          406    .text               stm32f10x_exti.o
    0x08001864   0x00000358   Code   RO          442    .text               stm32f10x_gpio.o
    0x08001bbc   0x000003a4   Code   RO          490    .text               stm32f10x_rcc.o
    0x08001f60   0x00000408   Code   RO          552    .text               stm32f10x_usart.o
    0x08002368   0x000000d0   Code   RO          576    .text               delay.o
    0x08002438   0x0000000c   Code   RO          590    .text               sys.o
    0x08002444   0x000000c4   Code   RO          602    .text               usart.o
    0x08002508   0x00000002   Code   RO          627    .text               c_w.l(use_no_semi_2.o)
    0x0800250a   0x00000002   PAD
    0x0800250c   0x00000024   Code   RO          629    .text               c_w.l(c89vsprintf.o)
    0x08002530   0x0000003e   Code   RO          631    .text               c_w.l(strlen.o)
    0x0800256e   0x00000006   Code   RO          633    .text               c_w.l(heapauxi.o)
    0x08002574   0x00000002   Code   RO          651    .text               c_w.l(use_no_semi.o)
    0x08002576   0x00000052   Code   RO          656    .text               c_w.l(_printf_pad.o)
    0x080025c8   0x00000024   Code   RO          658    .text               c_w.l(_printf_truncate.o)
    0x080025ec   0x00000052   Code   RO          660    .text               c_w.l(_printf_str.o)
    0x0800263e   0x00000002   PAD
    0x08002640   0x00000078   Code   RO          662    .text               c_w.l(_printf_dec.o)
    0x080026b8   0x0000002a   Code   RO          664    .text               c_w.l(_printf_charcount.o)
    0x080026e2   0x00000002   PAD
    0x080026e4   0x00000030   Code   RO          666    .text               c_w.l(_printf_char_common.o)
    0x08002714   0x0000000a   Code   RO          668    .text               c_w.l(_sputc.o)
    0x0800271e   0x00000002   PAD
    0x08002720   0x000000bc   Code   RO          670    .text               c_w.l(_printf_wctomb.o)
    0x080027dc   0x00000078   Code   RO          673    .text               c_w.l(_printf_longlong_dec.o)
    0x08002854   0x00000078   Code   RO          679    .text               c_w.l(_printf_oct_int_ll.o)
    0x080028cc   0x0000009c   Code   RO          699    .text               c_w.l(_printf_hex_int_ll_ptr.o)
    0x08002968   0x0000018c   Code   RO          719    .text               c_w.l(__printf_flags_ss_wp.o)
    0x08002af4   0x0000008a   Code   RO          769    .text               c_w.l(lludiv10.o)
    0x08002b7e   0x000000b8   Code   RO          771    .text               c_w.l(_printf_intcommon.o)
    0x08002c36   0x00000420   Code   RO          773    .text               c_w.l(_printf_fp_dec.o)
    0x08003056   0x0000002c   Code   RO          777    .text               c_w.l(_printf_char.o)
    0x08003082   0x0000002c   Code   RO          779    .text               c_w.l(_printf_wchar.o)
    0x080030ae   0x00000040   Code   RO          782    .text               c_w.l(_wcrtomb.o)
    0x080030ee   0x0000004a   Code   RO          784    .text               c_w.l(sys_stackheap_outer.o)
    0x08003138   0x00000010   Code   RO          786    .text               c_w.l(rt_ctype_table.o)
    0x08003148   0x00000008   Code   RO          791    .text               c_w.l(rt_locale_intlibspace.o)
    0x08003150   0x00000080   Code   RO          793    .text               c_w.l(_printf_fp_infnan.o)
    0x080031d0   0x000000e4   Code   RO          795    .text               c_w.l(bigflt0.o)
    0x080032b4   0x0000000c   Code   RO          823    .text               c_w.l(exit.o)
    0x080032c0   0x00000008   Code   RO          835    .text               c_w.l(libspace.o)
    0x080032c8   0x00000080   Code   RO          843    .text               c_w.l(strcmpv7m.o)
    0x08003348   0x0000003e   Code   RO          798    CL$$btod_d2e        c_w.l(btod.o)
    0x08003386   0x00000046   Code   RO          800    CL$$btod_d2e_denorm_low  c_w.l(btod.o)
    0x080033cc   0x00000060   Code   RO          799    CL$$btod_d2e_norm_op1  c_w.l(btod.o)
    0x0800342c   0x00000338   Code   RO          808    CL$$btod_div_common  c_w.l(btod.o)
    0x08003764   0x000000c6   Code   RO          805    CL$$btod_e2e        c_w.l(btod.o)
    0x0800382a   0x00000028   Code   RO          802    CL$$btod_ediv       c_w.l(btod.o)
    0x08003852   0x00000028   Code   RO          801    CL$$btod_emul       c_w.l(btod.o)
    0x0800387a   0x00000244   Code   RO          807    CL$$btod_mult_common  c_w.l(btod.o)
    0x08003abe   0x00000028   Code   RO          833    i.__ARM_fpclassify  m_ws.l(fpclassify.o)
    0x08003ae6   0x0000000e   Code   RO          712    i._is_digit         c_w.l(__printf_wp.o)
    0x08003af4   0x0000002c   Code   RO          821    locale$$code        c_w.l(lc_numeric_c.o)
    0x08003b20   0x0000002c   Code   RO          841    locale$$code        c_w.l(lc_ctype_c.o)
    0x08003b4c   0x0000000c   Code   RO          745    x$fpl$dretinf       fz_ws.l(dretinf.o)
    0x08003b58   0x00000056   Code   RO          637    x$fpl$f2d           fz_ws.l(f2d.o)
    0x08003bae   0x00000002   PAD
    0x08003bb0   0x00000184   Code   RO          640    x$fpl$fdiv          fz_ws.l(fdiv.o)
    0x08003d34   0x00000030   Code   RO          644    x$fpl$fflt          fz_ws.l(fflt_clz.o)
    0x08003d64   0x00000102   Code   RO          649    x$fpl$fmul          fz_ws.l(fmul.o)
    0x08003e66   0x0000008c   Code   RO          747    x$fpl$fnaninf       fz_ws.l(fnaninf.o)
    0x08003ef2   0x0000000a   Code   RO          749    x$fpl$fretinf       fz_ws.l(fretinf.o)
    0x08003efc   0x00000004   Code   RO          751    x$fpl$printf1       fz_ws.l(printf1.o)
    0x08003f00   0x00000000   Code   RO          753    x$fpl$usenofp       fz_ws.l(usenofp.o)
    0x08003f00   0x00000008   Data   RO          671    .constdata          c_w.l(_printf_wctomb.o)
    0x08003f08   0x00000028   Data   RO          700    .constdata          c_w.l(_printf_hex_int_ll_ptr.o)
    0x08003f30   0x00000011   Data   RO          720    .constdata          c_w.l(__printf_flags_ss_wp.o)
    0x08003f41   0x00000003   PAD
    0x08003f44   0x00000094   Data   RO          796    .constdata          c_w.l(bigflt0.o)
    0x08003fd8   0x00000020   Data   RO          960    Region$$Table       anon$$obj.o
    0x08003ff8   0x0000001c   Data   RO          820    locale$$data        c_w.l(lc_numeric_c.o)
    0x08004014   0x00000110   Data   RO          840    locale$$data        c_w.l(lc_ctype_c.o)


    Execution Region RW_IRAM1 (Base: 0x20000000, Size: 0x00000798, Max: 0x00010000, ABSOLUTE)

    Base Addr    Size         Type   Attr      Idx    E Section Name        Object

    0x20000000   0x00000014   Data   RW          159    .data               system_stm32f10x.o
    0x20000014   0x00000003   Data   RW          278    .data               jy901.o
    0x20000017   0x00000014   Data   RW          491    .data               stm32f10x_rcc.o
    0x2000002b   0x00000001   PAD
    0x2000002c   0x00000004   Data   RW          577    .data               delay.o
    0x20000030   0x00000080   Zero   RW          177    .bss                hc05.o
    0x200000b0   0x00000018   Zero   RW          232    .bss                ks103.o
    0x200000c8   0x0000006c   Zero   RW          277    .bss                jy901.o
    0x20000134   0x00000060   Zero   RW          836    .bss                c_w.l(libspace.o)
    0x20000194   0x00000004   PAD
    0x20000198   0x00000200   Zero   RW           18    HEAP                startup_stm32f10x_hd.o
    0x20000398   0x00000400   Zero   RW           17    STACK               startup_stm32f10x_hd.o


==============================================================================

Image component sizes


      Code (inc. data)   RO Data    RW Data    ZI Data      Debug   Object Name

         0          0          0          0          0       4244   core_cm3.o
       208         18          0          4          0        863   delay.o
      1024         44          0          0        128       4321   hc05.o
      1128         84          0          3        108       3836   jy901.o
       564         14          0          0         24       3701   ks103.o
       908         20          0          0          0       2359   ks103iic.o
       132          6          0          0          0        446   led.o
       192         72          0          0          0     240916   main.o
       220         20          0          0          0       1609   misc.o
        64         26        304          0       1536        736   startup_stm32f10x_hd.o
       592          8          0          0          0       4134   stm32f10x_dma.o
       284         10          0          0          0       2039   stm32f10x_exti.o
       856         40          0          0          0       5453   stm32f10x_gpio.o
        26          0          0          0          0       1130   stm32f10x_it.o
       932         44          0         20          0       8532   stm32f10x_rcc.o
      1032         22          0          0          0       8176   stm32f10x_usart.o
        12          0          0          0          0        373   sys.o
       476         36          0         20          0       1555   system_stm32f10x.o
       196         10          0          0          0       2395   usart.o

    ----------------------------------------------------------------------
      8848        474        336         48       1796     296818   Object Totals
         0          0         32          0          0          0   (incl. Generated)
         2          0          0          1          0          0   (incl. Padding)

    ----------------------------------------------------------------------

      Code (inc. data)   RO Data    RW Data    ZI Data      Debug   Library Member Name

         8          0          0          0          0         68   __main.o
       396          6         17          0          0         92   __printf_flags_ss_wp.o
        14          0          0          0          0         68   __printf_wp.o
        52          8          0          0          0          0   __scatter.o
        26          0          0          0          0          0   __scatter_copy.o
        28          0          0          0          0          0   __scatter_zi.o
         6          0          0          0          0          0   _printf_a.o
         6          0          0          0          0          0   _printf_c.o
        44          0          0          0          0        108   _printf_char.o
        48          6          0          0          0         96   _printf_char_common.o
        42          0          0          0          0         68   _printf_charcount.o
         6          0          0          0          0          0   _printf_d.o
       120         18          0          0          0         92   _printf_dec.o
         6          0          0          0          0          0   _printf_e.o
         6          0          0          0          0          0   _printf_f.o
      1056          0          0          0          0        212   _printf_fp_dec.o
       128         16          0          0          0         84   _printf_fp_infnan.o
         6          0          0          0          0          0   _printf_g.o
       156          6         40          0          0        160   _printf_hex_int_ll_ptr.o
         6          0          0          0          0          0   _printf_i.o
       184          0          0          0          0         88   _printf_intcommon.o
        10          0          0          0          0          0   _printf_l.o
         6          0          0          0          0          0   _printf_lc.o
        10          0          0          0          0          0   _printf_ll.o
         6          0          0          0          0          0   _printf_lld.o
         6          0          0          0          0          0   _printf_lli.o
         6          0          0          0          0          0   _printf_llo.o
         6          0          0          0          0          0   _printf_llu.o
         6          0          0          0          0          0   _printf_llx.o
       120         16          0          0          0         92   _printf_longlong_dec.o
         6          0          0          0          0          0   _printf_ls.o
         6          0          0          0          0          0   _printf_n.o
         6          0          0          0          0          0   _printf_o.o
       120          8          0          0          0        124   _printf_oct_int_ll.o
         6          0          0          0          0          0   _printf_p.o
        82          0          0          0          0        108   _printf_pad.o
         0          0          0          0          0          0   _printf_percent.o
         4          0          0          0          0          0   _printf_percent_end.o
         6          0          0          0          0          0   _printf_s.o
        82          0          0          0          0         80   _printf_str.o
        36          0          0          0          0         84   _printf_truncate.o
         6          0          0          0          0          0   _printf_u.o
        44          0          0          0          0        108   _printf_wchar.o
       188          6          8          0          0         92   _printf_wctomb.o
         6          0          0          0          0          0   _printf_x.o
        10          0          0          0          0         68   _sputc.o
        64          0          0          0          0         92   _wcrtomb.o
       228          6        148          0          0         96   bigflt0.o
      1910        128          0          0          0        672   btod.o
        36          4          0          0          0         76   c89vsprintf.o
        12          0          0          0          0         72   exit.o
         6          0          0          0          0        152   heapauxi.o
        44         10        272          0          0         76   lc_ctype_c.o
        44         10         28          0          0         76   lc_numeric_c.o
         2          0          0          0          0          0   libinit.o
        30          0          0          0          0          0   libinit2.o
         2          0          0          0          0          0   libshutdown.o
         2          0          0          0          0          0   libshutdown2.o
         8          4          0          0         96         68   libspace.o
       138          0          0          0          0         80   lludiv10.o
        16          4          0          0          0         76   rt_ctype_table.o
         8          4          0          0          0         68   rt_locale_intlibspace.o
         0          0          0          0          0          0   rtentry.o
        12          0          0          0          0          0   rtentry2.o
         6          0          0          0          0          0   rtentry4.o
         2          0          0          0          0          0   rtexit.o
        10          0          0          0          0          0   rtexit2.o
       128          0          0          0          0         68   strcmpv7m.o
        62          0          0          0          0         76   strlen.o
        74          0          0          0          0         80   sys_stackheap_outer.o
         2          0          0          0          0         68   use_no_semi.o
         2          0          0          0          0         68   use_no_semi_2.o
        12          0          0          0          0         68   dretinf.o
        86          4          0          0          0         84   f2d.o
       388         76          0          0          0         96   fdiv.o
        48          0          0          0          0         68   fflt_clz.o
       258          4          0          0          0         84   fmul.o
       140          4          0          0          0         84   fnaninf.o
        10          0          0          0          0         68   fretinf.o
         4          0          0          0          0         68   printf1.o
         0          0          0          0          0          0   usenofp.o
        40          0          0          0          0         68   fpclassify.o

    ----------------------------------------------------------------------
      6976        348        516          0        100       4544   Library Totals
        14          0          3          0          4          0   (incl. Padding)

    ----------------------------------------------------------------------

      Code (inc. data)   RO Data    RW Data    ZI Data      Debug   Library Name

      5976        260        513          0         96       3856   c_w.l
       946         88          0          0          0        620   fz_ws.l
        40          0          0          0          0         68   m_ws.l

    ----------------------------------------------------------------------
      6976        348        516          0        100       4544   Library Totals

    ----------------------------------------------------------------------

==============================================================================


      Code (inc. data)   RO Data    RW Data    ZI Data      Debug   

     15824        822        852         48       1896     297150   Grand Totals
     15824        822        852         48       1896     297150   ELF Image Totals
     15824        822        852         48          0          0   ROM Totals

==============================================================================

    Total RO  Size (Code + RO Data)                16676 (  16.29kB)
    Total RW  Size (RW Data + ZI Data)              1944 (   1.90kB)
    Total ROM Size (Code + RO Data + RW Data)      16724 (  16.33kB)

==============================================================================

